🚀 NovelGen Web UI is running at http://localhost:8080
[GIN] 2026/06/02 - 22:48:34 | 200 |     27.2037ms |       127.0.0.1 | GET      "/api/projects"
[GIN] 2026/06/02 - 22:48:35 | 304 |     25.7627ms |             ::1 | GET      "/"
[GIN] 2026/06/02 - 22:48:35 | 304 |      8.3865ms |             ::1 | GET      "/assets/index-4vaSns1I.css"
[GIN] 2026/06/02 - 22:48:35 | 304 |     73.0652ms |             ::1 | GET      "/assets/index--FtVrLNQ.js"
[GIN] 2026/06/02 - 22:48:35 | 200 |            0s |             ::1 | GET      "/api/tasks"
[GIN] 2026/06/02 - 22:48:35 | 200 |      1.0257ms |             ::1 | GET      "/api/projects"
[GIN] 2026/06/02 - 22:48:35 | 200 |       505.6µs |             ::1 | GET      "/api/projects"
[GIN] 2026/06/02 - 22:48:35 | 304 |       862.5µs |             ::1 | GET      "/vite.svg"
[GIN] 2026/06/02 - 22:48:35 | 200 |      7.7582ms |             ::1 | GET      "/api/content/items?project=..%5Cbooks%5Cmine"
[GIN] 2026/06/02 - 22:48:35 | 200 |      8.9653ms |             ::1 | GET      "/api/content/characters?project=..%5Cbooks%5Cmine"
[GIN] 2026/06/02 - 22:48:35 | 200 |     14.2934ms |             ::1 | GET      "/api/content/locations?project=..%5Cbooks%5Cmine"
[GIN] 2026/06/02 - 22:48:35 | 200 |     23.1641ms |             ::1 | GET      "/api/content/outline?project=..%5Cbooks%5Cmine"
[GIN] 2026/06/02 - 22:48:46 | 404 |      9.6441ms |             ::1 | GET      "/api/content/characters?project=..%5Cbooks%5Csystem-log"
[GIN] 2026/06/02 - 22:48:46 | 404 |      9.6441ms |             ::1 | GET      "/api/content/items?project=..%5Cbooks%5Csystem-log"
[GIN] 2026/06/02 - 22:48:46 | 404 |      9.6441ms |             ::1 | GET      "/api/content/locations?project=..%5Cbooks%5Csystem-log"
[GIN] 2026/06/02 - 22:48:46 | 200 |     31.4423ms |             ::1 | GET      "/api/content/outline?project=..%5Cbooks%5Csystem-log"
[GIN] 2026/06/02 - 22:48:48 | 200 |     13.8066ms |             ::1 | GET      "/api/content/outline?project=..%5Cbooks%5Csystem-log"
[GIN] 2026/06/02 - 22:54:23 | 200 |     63.2371ms |             ::1 | POST     "/api/files/story/compose/outline.json?project=..%5Cbooks%5Csystem-log"
[GIN] 2026/06/02 - 22:55:31 | 200 |            0s |             ::1 | POST     "/api/tasks"
[GIN] 2026/06/02 - 22:55:31 | 200 |            0s |             ::1 | GET      "/api/tasks/21721bb2-58e5-4612-81e2-64fc4c21f6a9"
[GIN] 2026/06/02 - 22:55:33 | 200 |            0s |             ::1 | GET      "/api/tasks/21721bb2-58e5-4612-81e2-64fc4c21f6a9"
[GIN] 2026/06/02 - 22:55:34 | 200 |            0s |             ::1 | GET      "/api/tasks/21721bb2-58e5-4612-81e2-64fc4c21f6a9"
[GIN] 2026/06/02 - 22:55:36 | 200 |            0s |             ::1 | GET      "/api/tasks/21721bb2-58e5-4612-81e2-64fc4c21f6a9"
[GIN] 2026/06/02 - 22:55:37 | 200 |            0s |             ::1 | GET      "/api/tasks/21721bb2-58e5-4612-81e2-64fc4c21f6a9"
[GIN] 2026/06/02 - 22:55:39 | 200 |            0s |             ::1 | GET      "/api/tasks/21721bb2-58e5-4612-81e2-64fc4c21f6a9"
[GIN] 2026/06/02 - 22:55:41 | 200 |            0s |             ::1 | GET      "/api/tasks/21721bb2-58e5-4612-81e2-64fc4c21f6a9"
[GIN] 2026/06/02 - 22:55:42 | 200 |            0s |             ::1 | GET      "/api/tasks/21721bb2-58e5-4612-81e2-64fc4c21f6a9"
[GIN] 2026/06/02 - 22:55:44 | 200 |            0s |             ::1 | GET      "/api/tasks/21721bb2-58e5-4612-81e2-64fc4c21f6a9"
[GIN] 2026/06/02 - 22:55:45 | 200 |            0s |             ::1 | GET      "/api/tasks/21721bb2-58e5-4612-81e2-64fc4c21f6a9"
[GIN] 2026/06/02 - 22:55:47 | 200 |            0s |             ::1 | GET      "/api/tasks/21721bb2-58e5-4612-81e2-64fc4c21f6a9"
[GIN] 2026/06/02 - 22:55:49 | 200 |            0s |             ::1 | GET      "/api/tasks/21721bb2-58e5-4612-81e2-64fc4c21f6a9"
[GIN] 2026/06/02 - 22:55:50 | 200 |            0s |             ::1 | GET      "/api/tasks/21721bb2-58e5-4612-81e2-64fc4c21f6a9"
[GIN] 2026/06/02 - 22:55:52 | 200 |            0s |             ::1 | GET      "/api/tasks/21721bb2-58e5-4612-81e2-64fc4c21f6a9"
[GIN] 2026/06/02 - 22:55:53 | 200 |            0s |             ::1 | GET      "/api/tasks/21721bb2-58e5-4612-81e2-64fc4c21f6a9"
[GIN] 2026/06/02 - 22:55:55 | 200 |            0s |             ::1 | GET      "/api/tasks/21721bb2-58e5-4612-81e2-64fc4c21f6a9"
[GIN] 2026/06/02 - 22:55:57 | 200 |            0s |             ::1 | GET      "/api/tasks/21721bb2-58e5-4612-81e2-64fc4c21f6a9"
[GIN] 2026/06/02 - 22:55:58 | 200 |            0s |             ::1 | GET      "/api/tasks/21721bb2-58e5-4612-81e2-64fc4c21f6a9"
[GIN] 2026/06/02 - 22:56:00 | 200 |            0s |             ::1 | GET      "/api/tasks/21721bb2-58e5-4612-81e2-64fc4c21f6a9"
[GIN] 2026/06/02 - 22:56:01 | 200 |            0s |             ::1 | GET      "/api/tasks/21721bb2-58e5-4612-81e2-64fc4c21f6a9"
[GIN] 2026/06/02 - 22:56:03 | 200 |            0s |             ::1 | GET      "/api/tasks/21721bb2-58e5-4612-81e2-64fc4c21f6a9"
[GIN] 2026/06/02 - 22:56:05 | 200 |            0s |             ::1 | GET      "/api/tasks/21721bb2-58e5-4612-81e2-64fc4c21f6a9"
[GIN] 2026/06/02 - 22:56:06 | 200 |            0s |             ::1 | GET      "/api/tasks/21721bb2-58e5-4612-81e2-64fc4c21f6a9"
[GIN] 2026/06/02 - 22:56:08 | 200 |            0s |             ::1 | GET      "/api/tasks/21721bb2-58e5-4612-81e2-64fc4c21f6a9"
[GIN] 2026/06/02 - 22:56:09 | 200 |            0s |             ::1 | GET      "/api/tasks/21721bb2-58e5-4612-81e2-64fc4c21f6a9"
[GIN] 2026/06/02 - 22:56:11 | 200 |            0s |             ::1 | GET      "/api/tasks/21721bb2-58e5-4612-81e2-64fc4c21f6a9"
[GIN] 2026/06/02 - 22:56:13 | 200 |            0s |             ::1 | GET      "/api/tasks/21721bb2-58e5-4612-81e2-64fc4c21f6a9"
[GIN] 2026/06/02 - 22:56:14 | 200 |            0s |             ::1 | GET      "/api/tasks/21721bb2-58e5-4612-81e2-64fc4c21f6a9"
[GIN] 2026/06/02 - 22:56:16 | 200 |            0s |             ::1 | GET      "/api/tasks/21721bb2-58e5-4612-81e2-64fc4c21f6a9"
[GIN] 2026/06/02 - 22:56:17 | 200 |            0s |             ::1 | GET      "/api/tasks/21721bb2-58e5-4612-81e2-64fc4c21f6a9"
[GIN] 2026/06/02 - 22:56:19 | 200 |            0s |             ::1 | GET      "/api/tasks/21721bb2-58e5-4612-81e2-64fc4c21f6a9"
[GIN] 2026/06/02 - 22:56:21 | 200 |            0s |             ::1 | GET      "/api/tasks/21721bb2-58e5-4612-81e2-64fc4c21f6a9"
[GIN] 2026/06/02 - 22:56:22 | 200 |            0s |             ::1 | GET      "/api/tasks/21721bb2-58e5-4612-81e2-64fc4c21f6a9"
[GIN] 2026/06/02 - 22:56:24 | 200 |            0s |             ::1 | GET      "/api/tasks/21721bb2-58e5-4612-81e2-64fc4c21f6a9"
[GIN] 2026/06/02 - 22:56:25 | 200 |            0s |             ::1 | GET      "/api/tasks/21721bb2-58e5-4612-81e2-64fc4c21f6a9"
[GIN] 2026/06/02 - 22:56:27 | 200 |            0s |             ::1 | GET      "/api/tasks/21721bb2-58e5-4612-81e2-64fc4c21f6a9"
[GIN] 2026/06/02 - 22:56:29 | 200 |            0s |             ::1 | GET      "/api/tasks/21721bb2-58e5-4612-81e2-64fc4c21f6a9"
[GIN] 2026/06/02 - 22:56:30 | 200 |            0s |             ::1 | GET      "/api/tasks/21721bb2-58e5-4612-81e2-64fc4c21f6a9"
[GIN] 2026/06/02 - 22:56:32 | 200 |            0s |             ::1 | GET      "/api/tasks/21721bb2-58e5-4612-81e2-64fc4c21f6a9"
[GIN] 2026/06/02 - 22:56:33 | 200 |            0s |             ::1 | GET      "/api/tasks/21721bb2-58e5-4612-81e2-64fc4c21f6a9"
[GIN] 2026/06/02 - 22:56:35 | 200 |            0s |             ::1 | GET      "/api/tasks/21721bb2-58e5-4612-81e2-64fc4c21f6a9"
[GIN] 2026/06/02 - 22:56:37 | 200 |            0s |             ::1 | GET      "/api/tasks/21721bb2-58e5-4612-81e2-64fc4c21f6a9"
[GIN] 2026/06/02 - 22:56:38 | 200 |            0s |             ::1 | GET      "/api/tasks/21721bb2-58e5-4612-81e2-64fc4c21f6a9"
[GIN] 2026/06/02 - 22:56:40 | 200 |            0s |             ::1 | GET      "/api/tasks/21721bb2-58e5-4612-81e2-64fc4c21f6a9"
[GIN] 2026/06/02 - 22:56:41 | 200 |            0s |             ::1 | GET      "/api/tasks/21721bb2-58e5-4612-81e2-64fc4c21f6a9"
[GIN] 2026/06/02 - 22:56:43 | 200 |            0s |             ::1 | GET      "/api/tasks/21721bb2-58e5-4612-81e2-64fc4c21f6a9"
[GIN] 2026/06/02 - 22:56:45 | 200 |            0s |             ::1 | GET      "/api/tasks/21721bb2-58e5-4612-81e2-64fc4c21f6a9"
[GIN] 2026/06/02 - 22:56:46 | 200 |            0s |             ::1 | GET      "/api/tasks/21721bb2-58e5-4612-81e2-64fc4c21f6a9"
[GIN] 2026/06/02 - 22:56:48 | 200 |            0s |             ::1 | GET      "/api/tasks/21721bb2-58e5-4612-81e2-64fc4c21f6a9"
[GIN] 2026/06/02 - 22:56:49 | 200 |            0s |             ::1 | GET      "/api/tasks/21721bb2-58e5-4612-81e2-64fc4c21f6a9"
[GIN] 2026/06/02 - 22:56:51 | 200 |            0s |             ::1 | GET      "/api/tasks/21721bb2-58e5-4612-81e2-64fc4c21f6a9"
[GIN] 2026/06/02 - 22:56:53 | 200 |            0s |             ::1 | GET      "/api/tasks/21721bb2-58e5-4612-81e2-64fc4c21f6a9"
[GIN] 2026/06/02 - 22:56:54 | 200 |            0s |             ::1 | GET      "/api/tasks/21721bb2-58e5-4612-81e2-64fc4c21f6a9"
[GIN] 2026/06/02 - 22:56:56 | 200 |            0s |             ::1 | GET      "/api/tasks/21721bb2-58e5-4612-81e2-64fc4c21f6a9"
[GIN] 2026/06/02 - 22:56:57 | 200 |            0s |             ::1 | GET      "/api/tasks/21721bb2-58e5-4612-81e2-64fc4c21f6a9"
[GIN] 2026/06/02 - 22:56:59 | 200 |            0s |             ::1 | GET      "/api/tasks/21721bb2-58e5-4612-81e2-64fc4c21f6a9"
[GIN] 2026/06/02 - 22:57:01 | 200 |            0s |             ::1 | GET      "/api/tasks/21721bb2-58e5-4612-81e2-64fc4c21f6a9"
[GIN] 2026/06/02 - 22:57:02 | 200 |            0s |             ::1 | GET      "/api/tasks/21721bb2-58e5-4612-81e2-64fc4c21f6a9"
[GIN] 2026/06/02 - 22:57:04 | 200 |            0s |             ::1 | GET      "/api/tasks/21721bb2-58e5-4612-81e2-64fc4c21f6a9"
[GIN] 2026/06/02 - 22:57:05 | 200 |            0s |             ::1 | GET      "/api/tasks/21721bb2-58e5-4612-81e2-64fc4c21f6a9"
[GIN] 2026/06/02 - 22:57:07 | 200 |            0s |             ::1 | GET      "/api/tasks/21721bb2-58e5-4612-81e2-64fc4c21f6a9"
[GIN] 2026/06/02 - 22:57:09 | 200 |            0s |             ::1 | GET      "/api/tasks/21721bb2-58e5-4612-81e2-64fc4c21f6a9"
[GIN] 2026/06/02 - 22:57:10 | 200 |            0s |             ::1 | GET      "/api/tasks/21721bb2-58e5-4612-81e2-64fc4c21f6a9"
[GIN] 2026/06/02 - 22:57:12 | 200 |            0s |             ::1 | GET      "/api/tasks/21721bb2-58e5-4612-81e2-64fc4c21f6a9"
[GIN] 2026/06/02 - 22:57:13 | 200 |            0s |             ::1 | GET      "/api/tasks/21721bb2-58e5-4612-81e2-64fc4c21f6a9"
[GIN] 2026/06/02 - 22:57:15 | 200 |            0s |             ::1 | GET      "/api/tasks/21721bb2-58e5-4612-81e2-64fc4c21f6a9"
[GIN] 2026/06/02 - 22:57:17 | 200 |            0s |             ::1 | GET      "/api/tasks/21721bb2-58e5-4612-81e2-64fc4c21f6a9"
[GIN] 2026/06/02 - 22:57:18 | 200 |            0s |             ::1 | GET      "/api/tasks/21721bb2-58e5-4612-81e2-64fc4c21f6a9"
[GIN] 2026/06/02 - 22:57:20 | 200 |            0s |             ::1 | GET      "/api/tasks/21721bb2-58e5-4612-81e2-64fc4c21f6a9"
[GIN] 2026/06/02 - 22:57:21 | 200 |            0s |             ::1 | GET      "/api/tasks/21721bb2-58e5-4612-81e2-64fc4c21f6a9"
[GIN] 2026/06/02 - 22:57:23 | 200 |            0s |             ::1 | GET      "/api/tasks/21721bb2-58e5-4612-81e2-64fc4c21f6a9"
[GIN] 2026/06/02 - 22:57:25 | 200 |            0s |             ::1 | GET      "/api/tasks/21721bb2-58e5-4612-81e2-64fc4c21f6a9"
[GIN] 2026/06/02 - 22:57:26 | 200 |            0s |             ::1 | GET      "/api/tasks/21721bb2-58e5-4612-81e2-64fc4c21f6a9"
[GIN] 2026/06/02 - 22:57:28 | 200 |            0s |             ::1 | GET      "/api/tasks/21721bb2-58e5-4612-81e2-64fc4c21f6a9"
[GIN] 2026/06/02 - 22:57:29 | 200 |            0s |             ::1 | GET      "/api/tasks/21721bb2-58e5-4612-81e2-64fc4c21f6a9"
[GIN] 2026/06/02 - 22:57:31 | 200 |            0s |             ::1 | GET      "/api/tasks/21721bb2-58e5-4612-81e2-64fc4c21f6a9"
[GIN] 2026/06/02 - 22:57:33 | 200 |            0s |             ::1 | GET      "/api/tasks/21721bb2-58e5-4612-81e2-64fc4c21f6a9"
[GIN] 2026/06/02 - 22:57:34 | 200 |            0s |             ::1 | GET      "/api/tasks/21721bb2-58e5-4612-81e2-64fc4c21f6a9"
[GIN] 2026/06/02 - 22:57:36 | 200 |            0s |             ::1 | GET      "/api/tasks/21721bb2-58e5-4612-81e2-64fc4c21f6a9"
[GIN] 2026/06/02 - 22:57:37 | 200 |            0s |             ::1 | GET      "/api/tasks/21721bb2-58e5-4612-81e2-64fc4c21f6a9"
[GIN] 2026/06/02 - 22:57:39 | 200 |            0s |             ::1 | GET      "/api/tasks/21721bb2-58e5-4612-81e2-64fc4c21f6a9"
[GIN] 2026/06/02 - 22:57:41 | 200 |            0s |             ::1 | GET      "/api/tasks/21721bb2-58e5-4612-81e2-64fc4c21f6a9"
[GIN] 2026/06/02 - 22:57:42 | 200 |            0s |             ::1 | GET      "/api/tasks/21721bb2-58e5-4612-81e2-64fc4c21f6a9"
[GIN] 2026/06/02 - 22:57:44 | 200 |            0s |             ::1 | GET      "/api/tasks/21721bb2-58e5-4612-81e2-64fc4c21f6a9"
[GIN] 2026/06/02 - 22:57:45 | 200 |            0s |             ::1 | GET      "/api/tasks/21721bb2-58e5-4612-81e2-64fc4c21f6a9"
[GIN] 2026/06/02 - 22:57:47 | 200 |            0s |             ::1 | GET      "/api/tasks/21721bb2-58e5-4612-81e2-64fc4c21f6a9"
[GIN] 2026/06/02 - 22:57:49 | 200 |            0s |             ::1 | GET      "/api/tasks/21721bb2-58e5-4612-81e2-64fc4c21f6a9"
[GIN] 2026/06/02 - 22:57:50 | 200 |            0s |             ::1 | GET      "/api/tasks/21721bb2-58e5-4612-81e2-64fc4c21f6a9"
[GIN] 2026/06/02 - 22:57:52 | 200 |            0s |             ::1 | GET      "/api/tasks/21721bb2-58e5-4612-81e2-64fc4c21f6a9"
[GIN] 2026/06/02 - 22:57:53 | 200 |            0s |             ::1 | GET      "/api/tasks/21721bb2-58e5-4612-81e2-64fc4c21f6a9"
[GIN] 2026/06/02 - 22:57:55 | 200 |            0s |             ::1 | GET      "/api/tasks/21721bb2-58e5-4612-81e2-64fc4c21f6a9"
[GIN] 2026/06/02 - 22:57:57 | 200 |            0s |             ::1 | GET      "/api/tasks/21721bb2-58e5-4612-81e2-64fc4c21f6a9"
[GIN] 2026/06/02 - 22:57:58 | 200 |            0s |             ::1 | GET      "/api/tasks/21721bb2-58e5-4612-81e2-64fc4c21f6a9"
[GIN] 2026/06/02 - 22:58:00 | 200 |            0s |             ::1 | GET      "/api/tasks/21721bb2-58e5-4612-81e2-64fc4c21f6a9"
[GIN] 2026/06/02 - 22:58:01 | 200 |            0s |             ::1 | GET      "/api/tasks/21721bb2-58e5-4612-81e2-64fc4c21f6a9"
[GIN] 2026/06/02 - 22:58:03 | 200 |            0s |             ::1 | GET      "/api/tasks/21721bb2-58e5-4612-81e2-64fc4c21f6a9"
[GIN] 2026/06/02 - 22:58:05 | 200 |            0s |             ::1 | GET      "/api/tasks/21721bb2-58e5-4612-81e2-64fc4c21f6a9"
[GIN] 2026/06/02 - 22:58:06 | 200 |            0s |             ::1 | GET      "/api/tasks/21721bb2-58e5-4612-81e2-64fc4c21f6a9"
[GIN] 2026/06/02 - 22:58:08 | 200 |            0s |             ::1 | GET      "/api/tasks/21721bb2-58e5-4612-81e2-64fc4c21f6a9"
[GIN] 2026/06/02 - 22:58:09 | 200 |            0s |             ::1 | GET      "/api/tasks/21721bb2-58e5-4612-81e2-64fc4c21f6a9"
[GIN] 2026/06/02 - 22:58:11 | 200 |            0s |             ::1 | GET      "/api/tasks/21721bb2-58e5-4612-81e2-64fc4c21f6a9"
[GIN] 2026/06/02 - 22:58:13 | 200 |            0s |             ::1 | GET      "/api/tasks/21721bb2-58e5-4612-81e2-64fc4c21f6a9"
[GIN] 2026/06/02 - 22:58:14 | 200 |            0s |             ::1 | GET      "/api/tasks/21721bb2-58e5-4612-81e2-64fc4c21f6a9"
[GIN] 2026/06/02 - 22:58:16 | 200 |            0s |             ::1 | GET      "/api/tasks/21721bb2-58e5-4612-81e2-64fc4c21f6a9"
[GIN] 2026/06/02 - 22:58:17 | 200 |            0s |             ::1 | GET      "/api/tasks/21721bb2-58e5-4612-81e2-64fc4c21f6a9"
[GIN] 2026/06/02 - 22:58:19 | 200 |            0s |             ::1 | GET      "/api/tasks/21721bb2-58e5-4612-81e2-64fc4c21f6a9"
[GIN] 2026/06/02 - 22:58:21 | 200 |            0s |             ::1 | GET      "/api/tasks/21721bb2-58e5-4612-81e2-64fc4c21f6a9"
[GIN] 2026/06/02 - 22:58:22 | 200 |            0s |             ::1 | GET      "/api/tasks/21721bb2-58e5-4612-81e2-64fc4c21f6a9"
[GIN] 2026/06/02 - 22:58:24 | 200 |            0s |             ::1 | GET      "/api/tasks/21721bb2-58e5-4612-81e2-64fc4c21f6a9"
[GIN] 2026/06/02 - 22:58:25 | 200 |            0s |             ::1 | GET      "/api/tasks/21721bb2-58e5-4612-81e2-64fc4c21f6a9"
[GIN] 2026/06/02 - 22:58:27 | 200 |            0s |             ::1 | GET      "/api/tasks/21721bb2-58e5-4612-81e2-64fc4c21f6a9"
[GIN] 2026/06/02 - 22:58:29 | 200 |            0s |             ::1 | GET      "/api/tasks/21721bb2-58e5-4612-81e2-64fc4c21f6a9"
[GIN] 2026/06/02 - 22:58:30 | 200 |            0s |             ::1 | GET      "/api/tasks/21721bb2-58e5-4612-81e2-64fc4c21f6a9"
[GIN] 2026/06/02 - 22:58:32 | 200 |            0s |             ::1 | GET      "/api/tasks/21721bb2-58e5-4612-81e2-64fc4c21f6a9"
[GIN] 2026/06/02 - 22:58:33 | 200 |            0s |             ::1 | GET      "/api/tasks/21721bb2-58e5-4612-81e2-64fc4c21f6a9"
[GIN] 2026/06/02 - 22:58:35 | 200 |            0s |             ::1 | GET      "/api/tasks/21721bb2-58e5-4612-81e2-64fc4c21f6a9"
[GIN] 2026/06/02 - 22:58:37 | 200 |            0s |             ::1 | GET      "/api/tasks/21721bb2-58e5-4612-81e2-64fc4c21f6a9"
[GIN] 2026/06/02 - 22:58:38 | 200 |            0s |             ::1 | GET      "/api/tasks/21721bb2-58e5-4612-81e2-64fc4c21f6a9"
[GIN] 2026/06/02 - 22:58:40 | 200 |            0s |             ::1 | GET      "/api/tasks/21721bb2-58e5-4612-81e2-64fc4c21f6a9"
[GIN] 2026/06/02 - 22:58:41 | 200 |            0s |             ::1 | GET      "/api/tasks/21721bb2-58e5-4612-81e2-64fc4c21f6a9"
[GIN] 2026/06/02 - 22:58:43 | 200 |            0s |             ::1 | GET      "/api/tasks/21721bb2-58e5-4612-81e2-64fc4c21f6a9"
[GIN] 2026/06/02 - 22:58:45 | 200 |            0s |             ::1 | GET      "/api/tasks/21721bb2-58e5-4612-81e2-64fc4c21f6a9"
[GIN] 2026/06/02 - 22:58:46 | 200 |            0s |             ::1 | GET      "/api/tasks/21721bb2-58e5-4612-81e2-64fc4c21f6a9"
[GIN] 2026/06/02 - 22:58:48 | 200 |            0s |             ::1 | GET      "/api/tasks/21721bb2-58e5-4612-81e2-64fc4c21f6a9"
[GIN] 2026/06/02 - 22:58:49 | 200 |            0s |             ::1 | GET      "/api/tasks/21721bb2-58e5-4612-81e2-64fc4c21f6a9"
[GIN] 2026/06/02 - 22:58:51 | 200 |            0s |             ::1 | GET      "/api/tasks/21721bb2-58e5-4612-81e2-64fc4c21f6a9"
[GIN] 2026/06/02 - 22:58:53 | 200 |            0s |             ::1 | GET      "/api/tasks/21721bb2-58e5-4612-81e2-64fc4c21f6a9"
[GIN] 2026/06/02 - 22:58:54 | 200 |            0s |             ::1 | GET      "/api/tasks/21721bb2-58e5-4612-81e2-64fc4c21f6a9"
[GIN] 2026/06/02 - 22:58:56 | 200 |            0s |             ::1 | GET      "/api/tasks/21721bb2-58e5-4612-81e2-64fc4c21f6a9"
[GIN] 2026/06/02 - 22:58:57 | 200 |            0s |             ::1 | GET      "/api/tasks/21721bb2-58e5-4612-81e2-64fc4c21f6a9"
[GIN] 2026/06/02 - 22:58:59 | 200 |            0s |             ::1 | GET      "/api/tasks/21721bb2-58e5-4612-81e2-64fc4c21f6a9"
[GIN] 2026/06/02 - 22:59:01 | 200 |            0s |             ::1 | GET      "/api/tasks/21721bb2-58e5-4612-81e2-64fc4c21f6a9"
[GIN] 2026/06/02 - 22:59:02 | 200 |            0s |             ::1 | GET      "/api/tasks/21721bb2-58e5-4612-81e2-64fc4c21f6a9"
[GIN] 2026/06/02 - 22:59:04 | 200 |            0s |             ::1 | GET      "/api/tasks/21721bb2-58e5-4612-81e2-64fc4c21f6a9"
[GIN] 2026/06/02 - 22:59:05 | 200 |            0s |             ::1 | GET      "/api/tasks/21721bb2-58e5-4612-81e2-64fc4c21f6a9"
[GIN] 2026/06/02 - 22:59:07 | 200 |            0s |             ::1 | GET      "/api/tasks/21721bb2-58e5-4612-81e2-64fc4c21f6a9"
[GIN] 2026/06/02 - 22:59:09 | 200 |            0s |             ::1 | GET      "/api/tasks/21721bb2-58e5-4612-81e2-64fc4c21f6a9"
[GIN] 2026/06/02 - 22:59:10 | 200 |            0s |             ::1 | GET      "/api/tasks/21721bb2-58e5-4612-81e2-64fc4c21f6a9"
[GIN] 2026/06/02 - 22:59:12 | 200 |            0s |             ::1 | GET      "/api/tasks/21721bb2-58e5-4612-81e2-64fc4c21f6a9"
[GIN] 2026/06/02 - 22:59:13 | 200 |            0s |             ::1 | GET      "/api/tasks/21721bb2-58e5-4612-81e2-64fc4c21f6a9"
[GIN] 2026/06/02 - 22:59:15 | 200 |            0s |             ::1 | GET      "/api/tasks/21721bb2-58e5-4612-81e2-64fc4c21f6a9"
[GIN] 2026/06/02 - 22:59:17 | 200 |            0s |             ::1 | GET      "/api/tasks/21721bb2-58e5-4612-81e2-64fc4c21f6a9"
[GIN] 2026/06/02 - 22:59:18 | 200 |            0s |             ::1 | GET      "/api/tasks/21721bb2-58e5-4612-81e2-64fc4c21f6a9"
[GIN] 2026/06/02 - 22:59:20 | 200 |            0s |             ::1 | GET      "/api/tasks/21721bb2-58e5-4612-81e2-64fc4c21f6a9"
[GIN] 2026/06/02 - 22:59:21 | 200 |            0s |             ::1 | GET      "/api/tasks/21721bb2-58e5-4612-81e2-64fc4c21f6a9"
[GIN] 2026/06/02 - 22:59:23 | 200 |            0s |             ::1 | GET      "/api/tasks/21721bb2-58e5-4612-81e2-64fc4c21f6a9"
[GIN] 2026/06/02 - 22:59:25 | 200 |            0s |             ::1 | GET      "/api/tasks/21721bb2-58e5-4612-81e2-64fc4c21f6a9"
[GIN] 2026/06/02 - 22:59:26 | 200 |            0s |             ::1 | GET      "/api/tasks/21721bb2-58e5-4612-81e2-64fc4c21f6a9"
[GIN] 2026/06/02 - 22:59:28 | 200 |            0s |             ::1 | GET      "/api/tasks/21721bb2-58e5-4612-81e2-64fc4c21f6a9"
[GIN] 2026/06/02 - 22:59:29 | 200 |            0s |             ::1 | GET      "/api/tasks/21721bb2-58e5-4612-81e2-64fc4c21f6a9"
[GIN] 2026/06/02 - 22:59:31 | 200 |            0s |             ::1 | GET      "/api/tasks/21721bb2-58e5-4612-81e2-64fc4c21f6a9"
[GIN] 2026/06/02 - 22:59:33 | 200 |            0s |             ::1 | GET      "/api/tasks/21721bb2-58e5-4612-81e2-64fc4c21f6a9"
[GIN] 2026/06/02 - 22:59:34 | 200 |            0s |             ::1 | GET      "/api/tasks/21721bb2-58e5-4612-81e2-64fc4c21f6a9"
[GIN] 2026/06/02 - 22:59:36 | 200 |            0s |             ::1 | GET      "/api/tasks/21721bb2-58e5-4612-81e2-64fc4c21f6a9"
[GIN] 2026/06/02 - 22:59:37 | 200 |            0s |             ::1 | GET      "/api/tasks/21721bb2-58e5-4612-81e2-64fc4c21f6a9"
[GIN] 2026/06/02 - 22:59:39 | 200 |            0s |             ::1 | GET      "/api/tasks/21721bb2-58e5-4612-81e2-64fc4c21f6a9"
[GIN] 2026/06/02 - 22:59:41 | 200 |            0s |             ::1 | GET      "/api/tasks/21721bb2-58e5-4612-81e2-64fc4c21f6a9"
[GIN] 2026/06/02 - 22:59:42 | 200 |            0s |             ::1 | GET      "/api/tasks/21721bb2-58e5-4612-81e2-64fc4c21f6a9"
[GIN] 2026/06/02 - 22:59:44 | 200 |            0s |             ::1 | GET      "/api/tasks/21721bb2-58e5-4612-81e2-64fc4c21f6a9"
[GIN] 2026/06/02 - 22:59:45 | 200 |            0s |             ::1 | GET      "/api/tasks/21721bb2-58e5-4612-81e2-64fc4c21f6a9"
[GIN] 2026/06/02 - 22:59:47 | 200 |            0s |             ::1 | GET      "/api/tasks/21721bb2-58e5-4612-81e2-64fc4c21f6a9"
[GIN] 2026/06/02 - 22:59:49 | 200 |            0s |             ::1 | GET      "/api/tasks/21721bb2-58e5-4612-81e2-64fc4c21f6a9"
[GIN] 2026/06/02 - 22:59:50 | 200 |            0s |             ::1 | GET      "/api/tasks/21721bb2-58e5-4612-81e2-64fc4c21f6a9"
[GIN] 2026/06/02 - 22:59:52 | 200 |            0s |             ::1 | GET      "/api/tasks/21721bb2-58e5-4612-81e2-64fc4c21f6a9"
[GIN] 2026/06/02 - 22:59:53 | 200 |            0s |             ::1 | GET      "/api/tasks/21721bb2-58e5-4612-81e2-64fc4c21f6a9"
[GIN] 2026/06/02 - 22:59:55 | 200 |            0s |             ::1 | GET      "/api/tasks/21721bb2-58e5-4612-81e2-64fc4c21f6a9"
[GIN] 2026/06/02 - 22:59:57 | 200 |            0s |             ::1 | GET      "/api/tasks/21721bb2-58e5-4612-81e2-64fc4c21f6a9"
[GIN] 2026/06/02 - 22:59:58 | 200 |            0s |             ::1 | GET      "/api/tasks/21721bb2-58e5-4612-81e2-64fc4c21f6a9"
[GIN] 2026/06/02 - 23:00:00 | 200 |            0s |             ::1 | GET      "/api/tasks/21721bb2-58e5-4612-81e2-64fc4c21f6a9"
[GIN] 2026/06/02 - 23:00:01 | 200 |            0s |             ::1 | GET      "/api/tasks/21721bb2-58e5-4612-81e2-64fc4c21f6a9"
[GIN] 2026/06/02 - 23:00:03 | 200 |            0s |             ::1 | GET      "/api/tasks/21721bb2-58e5-4612-81e2-64fc4c21f6a9"
[GIN] 2026/06/02 - 23:00:05 | 200 |            0s |             ::1 | GET      "/api/tasks/21721bb2-58e5-4612-81e2-64fc4c21f6a9"
[GIN] 2026/06/02 - 23:00:06 | 200 |            0s |             ::1 | GET      "/api/tasks/21721bb2-58e5-4612-81e2-64fc4c21f6a9"
[GIN] 2026/06/02 - 23:00:08 | 200 |            0s |             ::1 | GET      "/api/tasks/21721bb2-58e5-4612-81e2-64fc4c21f6a9"
[GIN] 2026/06/02 - 23:00:09 | 200 |            0s |             ::1 | GET      "/api/tasks/21721bb2-58e5-4612-81e2-64fc4c21f6a9"
[GIN] 2026/06/02 - 23:00:11 | 200 |            0s |             ::1 | GET      "/api/tasks/21721bb2-58e5-4612-81e2-64fc4c21f6a9"
[GIN] 2026/06/02 - 23:00:13 | 200 |            0s |             ::1 | GET      "/api/tasks/21721bb2-58e5-4612-81e2-64fc4c21f6a9"
[GIN] 2026/06/02 - 23:00:14 | 200 |            0s |             ::1 | GET      "/api/tasks/21721bb2-58e5-4612-81e2-64fc4c21f6a9"
[GIN] 2026/06/02 - 23:00:16 | 200 |            0s |             ::1 | GET      "/api/tasks/21721bb2-58e5-4612-81e2-64fc4c21f6a9"
[GIN] 2026/06/02 - 23:00:17 | 200 |            0s |             ::1 | GET      "/api/tasks/21721bb2-58e5-4612-81e2-64fc4c21f6a9"
[GIN] 2026/06/02 - 23:00:19 | 200 |            0s |             ::1 | GET      "/api/tasks/21721bb2-58e5-4612-81e2-64fc4c21f6a9"
[GIN] 2026/06/02 - 23:00:21 | 200 |            0s |             ::1 | GET      "/api/tasks/21721bb2-58e5-4612-81e2-64fc4c21f6a9"
[GIN] 2026/06/02 - 23:00:22 | 200 |            0s |             ::1 | GET      "/api/tasks/21721bb2-58e5-4612-81e2-64fc4c21f6a9"
[GIN] 2026/06/02 - 23:00:24 | 200 |            0s |             ::1 | GET      "/api/tasks/21721bb2-58e5-4612-81e2-64fc4c21f6a9"
[GIN] 2026/06/02 - 23:00:25 | 200 |            0s |             ::1 | GET      "/api/tasks/21721bb2-58e5-4612-81e2-64fc4c21f6a9"
[GIN] 2026/06/02 - 23:00:27 | 200 |            0s |             ::1 | GET      "/api/tasks/21721bb2-58e5-4612-81e2-64fc4c21f6a9"
[GIN] 2026/06/02 - 23:00:29 | 200 |            0s |             ::1 | GET      "/api/tasks/21721bb2-58e5-4612-81e2-64fc4c21f6a9"
[GIN] 2026/06/02 - 23:00:30 | 200 |            0s |             ::1 | GET      "/api/tasks/21721bb2-58e5-4612-81e2-64fc4c21f6a9"
[GIN] 2026/06/02 - 23:00:32 | 200 |            0s |             ::1 | GET      "/api/tasks/21721bb2-58e5-4612-81e2-64fc4c21f6a9"
[GIN] 2026/06/02 - 23:00:33 | 200 |            0s |             ::1 | GET      "/api/tasks/21721bb2-58e5-4612-81e2-64fc4c21f6a9"
[GIN] 2026/06/02 - 23:00:35 | 200 |            0s |             ::1 | GET      "/api/tasks/21721bb2-58e5-4612-81e2-64fc4c21f6a9"
[GIN] 2026/06/02 - 23:00:37 | 200 |            0s |             ::1 | GET      "/api/tasks/21721bb2-58e5-4612-81e2-64fc4c21f6a9"
[GIN] 2026/06/02 - 23:00:38 | 200 |            0s |             ::1 | GET      "/api/tasks/21721bb2-58e5-4612-81e2-64fc4c21f6a9"
[GIN] 2026/06/02 - 23:00:40 | 200 |            0s |             ::1 | GET      "/api/tasks/21721bb2-58e5-4612-81e2-64fc4c21f6a9"
[GIN] 2026/06/02 - 23:00:41 | 200 |            0s |             ::1 | GET      "/api/tasks/21721bb2-58e5-4612-81e2-64fc4c21f6a9"
[GIN] 2026/06/02 - 23:00:43 | 200 |            0s |             ::1 | GET      "/api/tasks/21721bb2-58e5-4612-81e2-64fc4c21f6a9"
[GIN] 2026/06/02 - 23:00:45 | 200 |            0s |             ::1 | GET      "/api/tasks/21721bb2-58e5-4612-81e2-64fc4c21f6a9"
[GIN] 2026/06/02 - 23:00:46 | 200 |            0s |             ::1 | GET      "/api/tasks/21721bb2-58e5-4612-81e2-64fc4c21f6a9"
[GIN] 2026/06/02 - 23:00:48 | 200 |            0s |             ::1 | GET      "/api/tasks/21721bb2-58e5-4612-81e2-64fc4c21f6a9"
[GIN] 2026/06/02 - 23:00:49 | 200 |            0s |             ::1 | GET      "/api/tasks/21721bb2-58e5-4612-81e2-64fc4c21f6a9"
[GIN] 2026/06/02 - 23:00:51 | 200 |            0s |             ::1 | GET      "/api/tasks/21721bb2-58e5-4612-81e2-64fc4c21f6a9"
[GIN] 2026/06/02 - 23:00:53 | 200 |            0s |             ::1 | GET      "/api/tasks/21721bb2-58e5-4612-81e2-64fc4c21f6a9"
[GIN] 2026/06/02 - 23:00:54 | 200 |            0s |             ::1 | GET      "/api/tasks/21721bb2-58e5-4612-81e2-64fc4c21f6a9"
[GIN] 2026/06/02 - 23:00:56 | 200 |            0s |             ::1 | GET      "/api/tasks/21721bb2-58e5-4612-81e2-64fc4c21f6a9"
[GIN] 2026/06/02 - 23:00:57 | 200 |            0s |             ::1 | GET      "/api/tasks/21721bb2-58e5-4612-81e2-64fc4c21f6a9"
[GIN] 2026/06/02 - 23:00:59 | 200 |            0s |             ::1 | GET      "/api/tasks/21721bb2-58e5-4612-81e2-64fc4c21f6a9"
[GIN] 2026/06/02 - 23:01:01 | 200 |            0s |             ::1 | GET      "/api/tasks/21721bb2-58e5-4612-81e2-64fc4c21f6a9"
[GIN] 2026/06/02 - 23:01:02 | 200 |            0s |             ::1 | GET      "/api/tasks/21721bb2-58e5-4612-81e2-64fc4c21f6a9"
[GIN] 2026/06/02 - 23:01:04 | 200 |            0s |             ::1 | GET      "/api/tasks/21721bb2-58e5-4612-81e2-64fc4c21f6a9"
[GIN] 2026/06/02 - 23:01:05 | 200 |            0s |             ::1 | GET      "/api/tasks/21721bb2-58e5-4612-81e2-64fc4c21f6a9"
[GIN] 2026/06/02 - 23:01:07 | 200 |            0s |             ::1 | GET      "/api/tasks/21721bb2-58e5-4612-81e2-64fc4c21f6a9"
[GIN] 2026/06/02 - 23:01:09 | 200 |            0s |             ::1 | GET      "/api/tasks/21721bb2-58e5-4612-81e2-64fc4c21f6a9"
[GIN] 2026/06/02 - 23:01:10 | 200 |            0s |             ::1 | GET      "/api/tasks/21721bb2-58e5-4612-81e2-64fc4c21f6a9"
[GIN] 2026/06/02 - 23:01:12 | 200 |            0s |             ::1 | GET      "/api/tasks/21721bb2-58e5-4612-81e2-64fc4c21f6a9"
[GIN] 2026/06/02 - 23:01:13 | 200 |            0s |             ::1 | GET      "/api/tasks/21721bb2-58e5-4612-81e2-64fc4c21f6a9"
[GIN] 2026/06/02 - 23:01:15 | 200 |            0s |             ::1 | GET      "/api/tasks/21721bb2-58e5-4612-81e2-64fc4c21f6a9"
[GIN] 2026/06/02 - 23:01:17 | 200 |            0s |             ::1 | GET      "/api/tasks/21721bb2-58e5-4612-81e2-64fc4c21f6a9"
[GIN] 2026/06/02 - 23:01:18 | 200 |            0s |             ::1 | GET      "/api/tasks/21721bb2-58e5-4612-81e2-64fc4c21f6a9"
[GIN] 2026/06/02 - 23:01:20 | 200 |            0s |             ::1 | GET      "/api/tasks/21721bb2-58e5-4612-81e2-64fc4c21f6a9"
[GIN] 2026/06/02 - 23:01:21 | 200 |            0s |             ::1 | GET      "/api/tasks/21721bb2-58e5-4612-81e2-64fc4c21f6a9"
[GIN] 2026/06/02 - 23:01:23 | 200 |            0s |             ::1 | GET      "/api/tasks/21721bb2-58e5-4612-81e2-64fc4c21f6a9"
[GIN] 2026/06/02 - 23:01:25 | 200 |            0s |             ::1 | GET      "/api/tasks/21721bb2-58e5-4612-81e2-64fc4c21f6a9"
[GIN] 2026/06/02 - 23:01:26 | 200 |            0s |             ::1 | GET      "/api/tasks/21721bb2-58e5-4612-81e2-64fc4c21f6a9"
[GIN] 2026/06/02 - 23:01:28 | 200 |            0s |             ::1 | GET      "/api/tasks/21721bb2-58e5-4612-81e2-64fc4c21f6a9"
[GIN] 2026/06/02 - 23:01:29 | 200 |            0s |             ::1 | GET      "/api/tasks/21721bb2-58e5-4612-81e2-64fc4c21f6a9"
[GIN] 2026/06/02 - 23:01:31 | 200 |            0s |             ::1 | GET      "/api/tasks/21721bb2-58e5-4612-81e2-64fc4c21f6a9"
[GIN] 2026/06/02 - 23:01:33 | 200 |            0s |             ::1 | GET      "/api/tasks/21721bb2-58e5-4612-81e2-64fc4c21f6a9"
[GIN] 2026/06/02 - 23:01:34 | 200 |            0s |             ::1 | GET      "/api/tasks/21721bb2-58e5-4612-81e2-64fc4c21f6a9"
[GIN] 2026/06/02 - 23:01:36 | 200 |            0s |             ::1 | GET      "/api/tasks/21721bb2-58e5-4612-81e2-64fc4c21f6a9"
[GIN] 2026/06/02 - 23:01:37 | 200 |            0s |             ::1 | GET      "/api/tasks/21721bb2-58e5-4612-81e2-64fc4c21f6a9"
[GIN] 2026/06/02 - 23:01:39 | 200 |            0s |             ::1 | GET      "/api/tasks/21721bb2-58e5-4612-81e2-64fc4c21f6a9"
[GIN] 2026/06/02 - 23:01:41 | 200 |            0s |             ::1 | GET      "/api/tasks/21721bb2-58e5-4612-81e2-64fc4c21f6a9"
[GIN] 2026/06/02 - 23:01:42 | 200 |            0s |             ::1 | GET      "/api/tasks/21721bb2-58e5-4612-81e2-64fc4c21f6a9"
[GIN] 2026/06/02 - 23:01:44 | 200 |            0s |             ::1 | GET      "/api/tasks/21721bb2-58e5-4612-81e2-64fc4c21f6a9"
[GIN] 2026/06/02 - 23:01:45 | 200 |            0s |             ::1 | GET      "/api/tasks/21721bb2-58e5-4612-81e2-64fc4c21f6a9"
[GIN] 2026/06/02 - 23:01:47 | 200 |            0s |             ::1 | GET      "/api/tasks/21721bb2-58e5-4612-81e2-64fc4c21f6a9"
[GIN] 2026/06/02 - 23:01:49 | 200 |            0s |             ::1 | GET      "/api/tasks/21721bb2-58e5-4612-81e2-64fc4c21f6a9"
[GIN] 2026/06/02 - 23:01:50 | 200 |            0s |             ::1 | GET      "/api/tasks/21721bb2-58e5-4612-81e2-64fc4c21f6a9"
[GIN] 2026/06/02 - 23:01:52 | 200 |            0s |             ::1 | GET      "/api/tasks/21721bb2-58e5-4612-81e2-64fc4c21f6a9"
[GIN] 2026/06/02 - 23:01:53 | 200 |            0s |             ::1 | GET      "/api/tasks/21721bb2-58e5-4612-81e2-64fc4c21f6a9"
[GIN] 2026/06/02 - 23:01:55 | 200 |            0s |             ::1 | GET      "/api/tasks/21721bb2-58e5-4612-81e2-64fc4c21f6a9"
[GIN] 2026/06/02 - 23:01:57 | 200 |            0s |             ::1 | GET      "/api/tasks/21721bb2-58e5-4612-81e2-64fc4c21f6a9"
[GIN] 2026/06/02 - 23:01:58 | 200 |            0s |             ::1 | GET      "/api/tasks/21721bb2-58e5-4612-81e2-64fc4c21f6a9"
[GIN] 2026/06/02 - 23:02:00 | 200 |            0s |             ::1 | GET      "/api/tasks/21721bb2-58e5-4612-81e2-64fc4c21f6a9"
[GIN] 2026/06/02 - 23:02:01 | 200 |            0s |             ::1 | GET      "/api/tasks/21721bb2-58e5-4612-81e2-64fc4c21f6a9"
[GIN] 2026/06/02 - 23:02:03 | 200 |            0s |             ::1 | GET      "/api/tasks/21721bb2-58e5-4612-81e2-64fc4c21f6a9"
[GIN] 2026/06/02 - 23:02:05 | 200 |            0s |             ::1 | GET      "/api/tasks/21721bb2-58e5-4612-81e2-64fc4c21f6a9"
[GIN] 2026/06/02 - 23:02:06 | 200 |            0s |             ::1 | GET      "/api/tasks/21721bb2-58e5-4612-81e2-64fc4c21f6a9"
[GIN] 2026/06/02 - 23:02:08 | 200 |            0s |             ::1 | GET      "/api/tasks/21721bb2-58e5-4612-81e2-64fc4c21f6a9"
[GIN] 2026/06/02 - 23:02:09 | 200 |            0s |             ::1 | GET      "/api/tasks/21721bb2-58e5-4612-81e2-64fc4c21f6a9"
[GIN] 2026/06/02 - 23:02:11 | 200 |            0s |             ::1 | GET      "/api/tasks/21721bb2-58e5-4612-81e2-64fc4c21f6a9"
[GIN] 2026/06/02 - 23:02:13 | 200 |            0s |             ::1 | GET      "/api/tasks/21721bb2-58e5-4612-81e2-64fc4c21f6a9"
[GIN] 2026/06/02 - 23:02:14 | 200 |            0s |             ::1 | GET      "/api/tasks/21721bb2-58e5-4612-81e2-64fc4c21f6a9"
[GIN] 2026/06/02 - 23:02:16 | 200 |            0s |             ::1 | GET      "/api/tasks/21721bb2-58e5-4612-81e2-64fc4c21f6a9"
[GIN] 2026/06/02 - 23:02:17 | 200 |            0s |             ::1 | GET      "/api/tasks/21721bb2-58e5-4612-81e2-64fc4c21f6a9"
[GIN] 2026/06/02 - 23:02:19 | 200 |            0s |             ::1 | GET      "/api/tasks/21721bb2-58e5-4612-81e2-64fc4c21f6a9"
[GIN] 2026/06/02 - 23:02:21 | 200 |            0s |             ::1 | GET      "/api/tasks/21721bb2-58e5-4612-81e2-64fc4c21f6a9"
[GIN] 2026/06/02 - 23:02:22 | 200 |            0s |             ::1 | GET      "/api/tasks/21721bb2-58e5-4612-81e2-64fc4c21f6a9"
[GIN] 2026/06/02 - 23:02:24 | 200 |            0s |             ::1 | GET      "/api/tasks/21721bb2-58e5-4612-81e2-64fc4c21f6a9"
[GIN] 2026/06/02 - 23:02:25 | 200 |            0s |             ::1 | GET      "/api/tasks/21721bb2-58e5-4612-81e2-64fc4c21f6a9"
[GIN] 2026/06/02 - 23:02:27 | 200 |            0s |             ::1 | GET      "/api/tasks/21721bb2-58e5-4612-81e2-64fc4c21f6a9"
[GIN] 2026/06/02 - 23:02:29 | 200 |            0s |             ::1 | GET      "/api/tasks/21721bb2-58e5-4612-81e2-64fc4c21f6a9"
[GIN] 2026/06/02 - 23:02:30 | 200 |            0s |             ::1 | GET      "/api/tasks/21721bb2-58e5-4612-81e2-64fc4c21f6a9"
[GIN] 2026/06/02 - 23:02:32 | 200 |            0s |             ::1 | GET      "/api/tasks/21721bb2-58e5-4612-81e2-64fc4c21f6a9"
[GIN] 2026/06/02 - 23:02:33 | 200 |            0s |             ::1 | GET      "/api/tasks/21721bb2-58e5-4612-81e2-64fc4c21f6a9"
[GIN] 2026/06/02 - 23:02:35 | 200 |            0s |             ::1 | GET      "/api/tasks/21721bb2-58e5-4612-81e2-64fc4c21f6a9"
[GIN] 2026/06/02 - 23:02:37 | 200 |            0s |             ::1 | GET      "/api/tasks/21721bb2-58e5-4612-81e2-64fc4c21f6a9"
[GIN] 2026/06/02 - 23:02:38 | 200 |            0s |             ::1 | GET      "/api/tasks/21721bb2-58e5-4612-81e2-64fc4c21f6a9"
[GIN] 2026/06/02 - 23:02:40 | 200 |            0s |             ::1 | GET      "/api/tasks/21721bb2-58e5-4612-81e2-64fc4c21f6a9"
[GIN] 2026/06/02 - 23:02:41 | 200 |            0s |             ::1 | GET      "/api/tasks/21721bb2-58e5-4612-81e2-64fc4c21f6a9"
[GIN] 2026/06/02 - 23:02:43 | 200 |            0s |             ::1 | GET      "/api/tasks/21721bb2-58e5-4612-81e2-64fc4c21f6a9"
[GIN] 2026/06/02 - 23:02:45 | 200 |            0s |             ::1 | GET      "/api/tasks/21721bb2-58e5-4612-81e2-64fc4c21f6a9"
[GIN] 2026/06/02 - 23:02:46 | 200 |            0s |             ::1 | GET      "/api/tasks/21721bb2-58e5-4612-81e2-64fc4c21f6a9"
[GIN] 2026/06/02 - 23:02:48 | 200 |            0s |             ::1 | GET      "/api/tasks/21721bb2-58e5-4612-81e2-64fc4c21f6a9"
[GIN] 2026/06/02 - 23:02:49 | 200 |            0s |             ::1 | GET      "/api/tasks/21721bb2-58e5-4612-81e2-64fc4c21f6a9"
[GIN] 2026/06/02 - 23:02:51 | 200 |            0s |             ::1 | GET      "/api/tasks/21721bb2-58e5-4612-81e2-64fc4c21f6a9"
[GIN] 2026/06/02 - 23:02:53 | 200 |            0s |             ::1 | GET      "/api/tasks/21721bb2-58e5-4612-81e2-64fc4c21f6a9"
[GIN] 2026/06/02 - 23:02:54 | 200 |            0s |             ::1 | GET      "/api/tasks/21721bb2-58e5-4612-81e2-64fc4c21f6a9"
[GIN] 2026/06/02 - 23:02:56 | 200 |            0s |             ::1 | GET      "/api/tasks/21721bb2-58e5-4612-81e2-64fc4c21f6a9"
[GIN] 2026/06/02 - 23:02:57 | 200 |            0s |             ::1 | GET      "/api/tasks/21721bb2-58e5-4612-81e2-64fc4c21f6a9"
[GIN] 2026/06/02 - 23:02:59 | 200 |            0s |             ::1 | GET      "/api/tasks/21721bb2-58e5-4612-81e2-64fc4c21f6a9"
[GIN] 2026/06/02 - 23:03:01 | 200 |            0s |             ::1 | GET      "/api/tasks/21721bb2-58e5-4612-81e2-64fc4c21f6a9"
[GIN] 2026/06/02 - 23:03:02 | 200 |            0s |             ::1 | GET      "/api/tasks/21721bb2-58e5-4612-81e2-64fc4c21f6a9"
[GIN] 2026/06/02 - 23:03:04 | 200 |            0s |             ::1 | GET      "/api/tasks/21721bb2-58e5-4612-81e2-64fc4c21f6a9"
[GIN] 2026/06/02 - 23:03:05 | 200 |            0s |             ::1 | GET      "/api/tasks/21721bb2-58e5-4612-81e2-64fc4c21f6a9"
[GIN] 2026/06/02 - 23:03:07 | 200 |            0s |             ::1 | GET      "/api/tasks/21721bb2-58e5-4612-81e2-64fc4c21f6a9"
[GIN] 2026/06/02 - 23:03:09 | 200 |            0s |             ::1 | GET      "/api/tasks/21721bb2-58e5-4612-81e2-64fc4c21f6a9"
[GIN] 2026/06/02 - 23:03:10 | 200 |            0s |             ::1 | GET      "/api/tasks/21721bb2-58e5-4612-81e2-64fc4c21f6a9"
[GIN] 2026/06/02 - 23:03:12 | 200 |            0s |             ::1 | GET      "/api/tasks/21721bb2-58e5-4612-81e2-64fc4c21f6a9"
[GIN] 2026/06/02 - 23:03:13 | 200 |            0s |             ::1 | GET      "/api/tasks/21721bb2-58e5-4612-81e2-64fc4c21f6a9"
[GIN] 2026/06/02 - 23:03:15 | 200 |            0s |             ::1 | GET      "/api/tasks/21721bb2-58e5-4612-81e2-64fc4c21f6a9"
[GIN] 2026/06/02 - 23:03:17 | 200 |            0s |             ::1 | GET      "/api/tasks/21721bb2-58e5-4612-81e2-64fc4c21f6a9"
[GIN] 2026/06/02 - 23:03:18 | 200 |            0s |             ::1 | GET      "/api/tasks/21721bb2-58e5-4612-81e2-64fc4c21f6a9"
[GIN] 2026/06/02 - 23:03:20 | 200 |            0s |             ::1 | GET      "/api/tasks/21721bb2-58e5-4612-81e2-64fc4c21f6a9"
[GIN] 2026/06/02 - 23:03:21 | 200 |            0s |             ::1 | GET      "/api/tasks/21721bb2-58e5-4612-81e2-64fc4c21f6a9"
[GIN] 2026/06/02 - 23:03:23 | 200 |            0s |             ::1 | GET      "/api/tasks/21721bb2-58e5-4612-81e2-64fc4c21f6a9"
[GIN] 2026/06/02 - 23:03:25 | 200 |            0s |             ::1 | GET      "/api/tasks/21721bb2-58e5-4612-81e2-64fc4c21f6a9"
[GIN] 2026/06/02 - 23:03:26 | 200 |            0s |             ::1 | GET      "/api/tasks/21721bb2-58e5-4612-81e2-64fc4c21f6a9"
[GIN] 2026/06/02 - 23:03:28 | 200 |            0s |             ::1 | GET      "/api/tasks/21721bb2-58e5-4612-81e2-64fc4c21f6a9"
[GIN] 2026/06/02 - 23:03:29 | 200 |            0s |             ::1 | GET      "/api/tasks/21721bb2-58e5-4612-81e2-64fc4c21f6a9"
[GIN] 2026/06/02 - 23:03:31 | 200 |            0s |             ::1 | GET      "/api/tasks/21721bb2-58e5-4612-81e2-64fc4c21f6a9"
[GIN] 2026/06/02 - 23:03:33 | 200 |            0s |             ::1 | GET      "/api/tasks/21721bb2-58e5-4612-81e2-64fc4c21f6a9"
[GIN] 2026/06/02 - 23:03:34 | 200 |            0s |             ::1 | GET      "/api/tasks/21721bb2-58e5-4612-81e2-64fc4c21f6a9"
[GIN] 2026/06/02 - 23:03:36 | 200 |            0s |             ::1 | GET      "/api/tasks/21721bb2-58e5-4612-81e2-64fc4c21f6a9"
[GIN] 2026/06/02 - 23:03:37 | 200 |            0s |             ::1 | GET      "/api/tasks/21721bb2-58e5-4612-81e2-64fc4c21f6a9"
[GIN] 2026/06/02 - 23:03:39 | 200 |            0s |             ::1 | GET      "/api/tasks/21721bb2-58e5-4612-81e2-64fc4c21f6a9"
[GIN] 2026/06/02 - 23:03:41 | 200 |            0s |             ::1 | GET      "/api/tasks/21721bb2-58e5-4612-81e2-64fc4c21f6a9"
[GIN] 2026/06/02 - 23:03:42 | 200 |            0s |             ::1 | GET      "/api/tasks/21721bb2-58e5-4612-81e2-64fc4c21f6a9"
[GIN] 2026/06/02 - 23:03:44 | 200 |            0s |             ::1 | GET      "/api/tasks/21721bb2-58e5-4612-81e2-64fc4c21f6a9"
[GIN] 2026/06/02 - 23:03:45 | 200 |            0s |             ::1 | GET      "/api/tasks/21721bb2-58e5-4612-81e2-64fc4c21f6a9"
[GIN] 2026/06/02 - 23:03:47 | 200 |            0s |             ::1 | GET      "/api/tasks/21721bb2-58e5-4612-81e2-64fc4c21f6a9"
[GIN] 2026/06/02 - 23:03:49 | 200 |            0s |             ::1 | GET      "/api/tasks/21721bb2-58e5-4612-81e2-64fc4c21f6a9"
[GIN] 2026/06/02 - 23:03:50 | 200 |            0s |             ::1 | GET      "/api/tasks/21721bb2-58e5-4612-81e2-64fc4c21f6a9"
[GIN] 2026/06/02 - 23:03:52 | 200 |            0s |             ::1 | GET      "/api/tasks/21721bb2-58e5-4612-81e2-64fc4c21f6a9"
[GIN] 2026/06/02 - 23:03:53 | 200 |            0s |             ::1 | GET      "/api/tasks/21721bb2-58e5-4612-81e2-64fc4c21f6a9"
[GIN] 2026/06/02 - 23:03:55 | 200 |            0s |             ::1 | GET      "/api/tasks/21721bb2-58e5-4612-81e2-64fc4c21f6a9"
[GIN] 2026/06/02 - 23:03:57 | 200 |            0s |             ::1 | GET      "/api/tasks/21721bb2-58e5-4612-81e2-64fc4c21f6a9"
[GIN] 2026/06/02 - 23:03:58 | 200 |            0s |             ::1 | GET      "/api/tasks/21721bb2-58e5-4612-81e2-64fc4c21f6a9"
[GIN] 2026/06/02 - 23:04:00 | 200 |            0s |             ::1 | GET      "/api/tasks/21721bb2-58e5-4612-81e2-64fc4c21f6a9"
[GIN] 2026/06/02 - 23:04:01 | 200 |            0s |             ::1 | GET      "/api/tasks/21721bb2-58e5-4612-81e2-64fc4c21f6a9"
[GIN] 2026/06/02 - 23:04:03 | 200 |            0s |             ::1 | GET      "/api/tasks/21721bb2-58e5-4612-81e2-64fc4c21f6a9"
[GIN] 2026/06/02 - 23:04:05 | 200 |            0s |             ::1 | GET      "/api/tasks/21721bb2-58e5-4612-81e2-64fc4c21f6a9"
[GIN] 2026/06/02 - 23:04:06 | 200 |            0s |             ::1 | GET      "/api/tasks/21721bb2-58e5-4612-81e2-64fc4c21f6a9"
[GIN] 2026/06/02 - 23:04:08 | 200 |            0s |             ::1 | GET      "/api/tasks/21721bb2-58e5-4612-81e2-64fc4c21f6a9"
[GIN] 2026/06/02 - 23:04:09 | 200 |            0s |             ::1 | GET      "/api/tasks/21721bb2-58e5-4612-81e2-64fc4c21f6a9"
[GIN] 2026/06/02 - 23:04:11 | 200 |            0s |             ::1 | GET      "/api/tasks/21721bb2-58e5-4612-81e2-64fc4c21f6a9"
[GIN] 2026/06/02 - 23:04:13 | 200 |            0s |             ::1 | GET      "/api/tasks/21721bb2-58e5-4612-81e2-64fc4c21f6a9"
[GIN] 2026/06/02 - 23:04:14 | 200 |            0s |             ::1 | GET      "/api/tasks/21721bb2-58e5-4612-81e2-64fc4c21f6a9"
[GIN] 2026/06/02 - 23:04:16 | 200 |            0s |             ::1 | GET      "/api/tasks/21721bb2-58e5-4612-81e2-64fc4c21f6a9"
[GIN] 2026/06/02 - 23:04:17 | 200 |            0s |             ::1 | GET      "/api/tasks/21721bb2-58e5-4612-81e2-64fc4c21f6a9"
[GIN] 2026/06/02 - 23:04:19 | 200 |            0s |             ::1 | GET      "/api/tasks/21721bb2-58e5-4612-81e2-64fc4c21f6a9"
[GIN] 2026/06/02 - 23:04:21 | 200 |            0s |             ::1 | GET      "/api/tasks/21721bb2-58e5-4612-81e2-64fc4c21f6a9"
[GIN] 2026/06/02 - 23:04:22 | 200 |            0s |             ::1 | GET      "/api/tasks/21721bb2-58e5-4612-81e2-64fc4c21f6a9"
[GIN] 2026/06/02 - 23:04:24 | 200 |            0s |             ::1 | GET      "/api/tasks/21721bb2-58e5-4612-81e2-64fc4c21f6a9"
[GIN] 2026/06/02 - 23:04:25 | 200 |            0s |             ::1 | GET      "/api/tasks/21721bb2-58e5-4612-81e2-64fc4c21f6a9"
[GIN] 2026/06/02 - 23:04:27 | 200 |            0s |             ::1 | GET      "/api/tasks/21721bb2-58e5-4612-81e2-64fc4c21f6a9"
[GIN] 2026/06/02 - 23:04:29 | 200 |            0s |             ::1 | GET      "/api/tasks/21721bb2-58e5-4612-81e2-64fc4c21f6a9"
[GIN] 2026/06/02 - 23:04:30 | 200 |            0s |             ::1 | GET      "/api/tasks/21721bb2-58e5-4612-81e2-64fc4c21f6a9"
[GIN] 2026/06/02 - 23:04:32 | 200 |            0s |             ::1 | GET      "/api/tasks/21721bb2-58e5-4612-81e2-64fc4c21f6a9"
[GIN] 2026/06/02 - 23:04:33 | 200 |            0s |             ::1 | GET      "/api/tasks/21721bb2-58e5-4612-81e2-64fc4c21f6a9"
[GIN] 2026/06/02 - 23:04:35 | 200 |            0s |             ::1 | GET      "/api/tasks/21721bb2-58e5-4612-81e2-64fc4c21f6a9"
[GIN] 2026/06/02 - 23:04:37 | 200 |            0s |             ::1 | GET      "/api/tasks/21721bb2-58e5-4612-81e2-64fc4c21f6a9"
[GIN] 2026/06/02 - 23:04:38 | 200 |            0s |             ::1 | GET      "/api/tasks/21721bb2-58e5-4612-81e2-64fc4c21f6a9"
[GIN] 2026/06/02 - 23:04:40 | 200 |            0s |             ::1 | GET      "/api/tasks/21721bb2-58e5-4612-81e2-64fc4c21f6a9"
[GIN] 2026/06/02 - 23:04:41 | 200 |            0s |             ::1 | GET      "/api/tasks/21721bb2-58e5-4612-81e2-64fc4c21f6a9"
[GIN] 2026/06/02 - 23:04:43 | 200 |            0s |             ::1 | GET      "/api/tasks/21721bb2-58e5-4612-81e2-64fc4c21f6a9"
[GIN] 2026/06/02 - 23:04:45 | 200 |            0s |             ::1 | GET      "/api/tasks/21721bb2-58e5-4612-81e2-64fc4c21f6a9"
[GIN] 2026/06/02 - 23:04:46 | 200 |            0s |             ::1 | GET      "/api/tasks/21721bb2-58e5-4612-81e2-64fc4c21f6a9"
[GIN] 2026/06/02 - 23:04:48 | 200 |            0s |             ::1 | GET      "/api/tasks/21721bb2-58e5-4612-81e2-64fc4c21f6a9"
[GIN] 2026/06/02 - 23:04:49 | 200 |            0s |             ::1 | GET      "/api/tasks/21721bb2-58e5-4612-81e2-64fc4c21f6a9"
[GIN] 2026/06/02 - 23:04:51 | 200 |            0s |             ::1 | GET      "/api/tasks/21721bb2-58e5-4612-81e2-64fc4c21f6a9"
[GIN] 2026/06/02 - 23:04:53 | 200 |            0s |             ::1 | GET      "/api/tasks/21721bb2-58e5-4612-81e2-64fc4c21f6a9"
[GIN] 2026/06/02 - 23:04:54 | 200 |            0s |             ::1 | GET      "/api/tasks/21721bb2-58e5-4612-81e2-64fc4c21f6a9"
[GIN] 2026/06/02 - 23:04:56 | 200 |            0s |             ::1 | GET      "/api/tasks/21721bb2-58e5-4612-81e2-64fc4c21f6a9"
[GIN] 2026/06/02 - 23:04:57 | 200 |            0s |             ::1 | GET      "/api/tasks/21721bb2-58e5-4612-81e2-64fc4c21f6a9"
[GIN] 2026/06/02 - 23:04:59 | 200 |            0s |             ::1 | GET      "/api/tasks/21721bb2-58e5-4612-81e2-64fc4c21f6a9"
[GIN] 2026/06/02 - 23:05:01 | 200 |            0s |             ::1 | GET      "/api/tasks/21721bb2-58e5-4612-81e2-64fc4c21f6a9"
[GIN] 2026/06/02 - 23:05:02 | 200 |            0s |             ::1 | GET      "/api/tasks/21721bb2-58e5-4612-81e2-64fc4c21f6a9"
[GIN] 2026/06/02 - 23:05:04 | 200 |            0s |             ::1 | GET      "/api/tasks/21721bb2-58e5-4612-81e2-64fc4c21f6a9"
[GIN] 2026/06/02 - 23:05:05 | 200 |            0s |             ::1 | GET      "/api/tasks/21721bb2-58e5-4612-81e2-64fc4c21f6a9"
[GIN] 2026/06/02 - 23:05:07 | 200 |            0s |             ::1 | GET      "/api/tasks/21721bb2-58e5-4612-81e2-64fc4c21f6a9"
[GIN] 2026/06/02 - 23:05:09 | 200 |            0s |             ::1 | GET      "/api/tasks/21721bb2-58e5-4612-81e2-64fc4c21f6a9"
[GIN] 2026/06/02 - 23:05:10 | 200 |            0s |             ::1 | GET      "/api/tasks/21721bb2-58e5-4612-81e2-64fc4c21f6a9"
[GIN] 2026/06/02 - 23:05:12 | 200 |            0s |             ::1 | GET      "/api/tasks/21721bb2-58e5-4612-81e2-64fc4c21f6a9"
[GIN] 2026/06/02 - 23:05:13 | 200 |            0s |             ::1 | GET      "/api/tasks/21721bb2-58e5-4612-81e2-64fc4c21f6a9"
[GIN] 2026/06/02 - 23:05:15 | 200 |            0s |             ::1 | GET      "/api/tasks/21721bb2-58e5-4612-81e2-64fc4c21f6a9"
[GIN] 2026/06/02 - 23:05:17 | 200 |            0s |             ::1 | GET      "/api/tasks/21721bb2-58e5-4612-81e2-64fc4c21f6a9"
[GIN] 2026/06/02 - 23:05:18 | 200 |            0s |             ::1 | GET      "/api/tasks/21721bb2-58e5-4612-81e2-64fc4c21f6a9"
[GIN] 2026/06/02 - 23:05:20 | 200 |            0s |             ::1 | GET      "/api/tasks/21721bb2-58e5-4612-81e2-64fc4c21f6a9"
[GIN] 2026/06/02 - 23:05:21 | 200 |            0s |             ::1 | GET      "/api/tasks/21721bb2-58e5-4612-81e2-64fc4c21f6a9"
[GIN] 2026/06/02 - 23:05:23 | 200 |            0s |             ::1 | GET      "/api/tasks/21721bb2-58e5-4612-81e2-64fc4c21f6a9"
[GIN] 2026/06/02 - 23:05:25 | 200 |            0s |             ::1 | GET      "/api/tasks/21721bb2-58e5-4612-81e2-64fc4c21f6a9"
[GIN] 2026/06/02 - 23:05:26 | 200 |            0s |             ::1 | GET      "/api/tasks/21721bb2-58e5-4612-81e2-64fc4c21f6a9"
[GIN] 2026/06/02 - 23:05:28 | 200 |            0s |             ::1 | GET      "/api/tasks/21721bb2-58e5-4612-81e2-64fc4c21f6a9"
[GIN] 2026/06/02 - 23:05:29 | 200 |            0s |             ::1 | GET      "/api/tasks/21721bb2-58e5-4612-81e2-64fc4c21f6a9"
[GIN] 2026/06/02 - 23:05:31 | 200 |            0s |             ::1 | GET      "/api/tasks/21721bb2-58e5-4612-81e2-64fc4c21f6a9"
[GIN] 2026/06/02 - 23:05:33 | 200 |            0s |             ::1 | GET      "/api/tasks/21721bb2-58e5-4612-81e2-64fc4c21f6a9"
[GIN] 2026/06/02 - 23:05:34 | 200 |            0s |             ::1 | GET      "/api/tasks/21721bb2-58e5-4612-81e2-64fc4c21f6a9"
[GIN] 2026/06/02 - 23:05:36 | 200 |            0s |             ::1 | GET      "/api/tasks/21721bb2-58e5-4612-81e2-64fc4c21f6a9"
[GIN] 2026/06/02 - 23:05:37 | 200 |            0s |             ::1 | GET      "/api/tasks/21721bb2-58e5-4612-81e2-64fc4c21f6a9"
[GIN] 2026/06/02 - 23:05:39 | 200 |            0s |             ::1 | GET      "/api/tasks/21721bb2-58e5-4612-81e2-64fc4c21f6a9"
[GIN] 2026/06/02 - 23:05:41 | 200 |            0s |             ::1 | GET      "/api/tasks/21721bb2-58e5-4612-81e2-64fc4c21f6a9"
[GIN] 2026/06/02 - 23:05:42 | 200 |            0s |             ::1 | GET      "/api/tasks/21721bb2-58e5-4612-81e2-64fc4c21f6a9"
[GIN] 2026/06/02 - 23:05:44 | 200 |            0s |             ::1 | GET      "/api/tasks/21721bb2-58e5-4612-81e2-64fc4c21f6a9"
[GIN] 2026/06/02 - 23:05:45 | 200 |            0s |             ::1 | GET      "/api/tasks/21721bb2-58e5-4612-81e2-64fc4c21f6a9"
[GIN] 2026/06/02 - 23:05:47 | 200 |            0s |             ::1 | GET      "/api/tasks/21721bb2-58e5-4612-81e2-64fc4c21f6a9"
[GIN] 2026/06/02 - 23:05:49 | 200 |            0s |             ::1 | GET      "/api/tasks/21721bb2-58e5-4612-81e2-64fc4c21f6a9"
[GIN] 2026/06/02 - 23:05:50 | 200 |            0s |             ::1 | GET      "/api/tasks/21721bb2-58e5-4612-81e2-64fc4c21f6a9"
[GIN] 2026/06/02 - 23:05:52 | 200 |            0s |             ::1 | GET      "/api/tasks/21721bb2-58e5-4612-81e2-64fc4c21f6a9"
[GIN] 2026/06/02 - 23:05:53 | 200 |            0s |             ::1 | GET      "/api/tasks/21721bb2-58e5-4612-81e2-64fc4c21f6a9"
[GIN] 2026/06/02 - 23:05:55 | 200 |            0s |             ::1 | GET      "/api/tasks/21721bb2-58e5-4612-81e2-64fc4c21f6a9"
[GIN] 2026/06/02 - 23:05:57 | 200 |            0s |             ::1 | GET      "/api/tasks/21721bb2-58e5-4612-81e2-64fc4c21f6a9"
[GIN] 2026/06/02 - 23:05:58 | 200 |            0s |             ::1 | GET      "/api/tasks/21721bb2-58e5-4612-81e2-64fc4c21f6a9"
[GIN] 2026/06/02 - 23:06:00 | 200 |            0s |             ::1 | GET      "/api/tasks/21721bb2-58e5-4612-81e2-64fc4c21f6a9"
[GIN] 2026/06/02 - 23:06:01 | 200 |            0s |             ::1 | GET      "/api/tasks/21721bb2-58e5-4612-81e2-64fc4c21f6a9"
[GIN] 2026/06/02 - 23:06:03 | 200 |            0s |             ::1 | GET      "/api/tasks/21721bb2-58e5-4612-81e2-64fc4c21f6a9"
[GIN] 2026/06/02 - 23:06:05 | 200 |            0s |             ::1 | GET      "/api/tasks/21721bb2-58e5-4612-81e2-64fc4c21f6a9"
[GIN] 2026/06/02 - 23:06:06 | 200 |            0s |             ::1 | GET      "/api/tasks/21721bb2-58e5-4612-81e2-64fc4c21f6a9"
[GIN] 2026/06/02 - 23:06:08 | 200 |            0s |             ::1 | GET      "/api/tasks/21721bb2-58e5-4612-81e2-64fc4c21f6a9"
[GIN] 2026/06/02 - 23:06:09 | 200 |            0s |             ::1 | GET      "/api/tasks/21721bb2-58e5-4612-81e2-64fc4c21f6a9"
[GIN] 2026/06/02 - 23:06:11 | 200 |            0s |             ::1 | GET      "/api/tasks/21721bb2-58e5-4612-81e2-64fc4c21f6a9"
[GIN] 2026/06/02 - 23:06:13 | 200 |            0s |             ::1 | GET      "/api/tasks/21721bb2-58e5-4612-81e2-64fc4c21f6a9"
[GIN] 2026/06/02 - 23:06:14 | 200 |            0s |             ::1 | GET      "/api/tasks/21721bb2-58e5-4612-81e2-64fc4c21f6a9"
[GIN] 2026/06/02 - 23:06:16 | 200 |            0s |             ::1 | GET      "/api/tasks/21721bb2-58e5-4612-81e2-64fc4c21f6a9"
[GIN] 2026/06/02 - 23:06:17 | 200 |            0s |             ::1 | GET      "/api/tasks/21721bb2-58e5-4612-81e2-64fc4c21f6a9"
[GIN] 2026/06/02 - 23:06:19 | 200 |            0s |             ::1 | GET      "/api/tasks/21721bb2-58e5-4612-81e2-64fc4c21f6a9"
[GIN] 2026/06/02 - 23:06:21 | 200 |            0s |             ::1 | GET      "/api/tasks/21721bb2-58e5-4612-81e2-64fc4c21f6a9"
[GIN] 2026/06/02 - 23:06:22 | 200 |            0s |             ::1 | GET      "/api/tasks/21721bb2-58e5-4612-81e2-64fc4c21f6a9"
[GIN] 2026/06/02 - 23:06:24 | 200 |            0s |             ::1 | GET      "/api/tasks/21721bb2-58e5-4612-81e2-64fc4c21f6a9"
[GIN] 2026/06/02 - 23:06:25 | 200 |            0s |             ::1 | GET      "/api/tasks/21721bb2-58e5-4612-81e2-64fc4c21f6a9"
[GIN] 2026/06/02 - 23:06:27 | 200 |            0s |             ::1 | GET      "/api/tasks/21721bb2-58e5-4612-81e2-64fc4c21f6a9"
[GIN] 2026/06/02 - 23:06:29 | 200 |            0s |             ::1 | GET      "/api/tasks/21721bb2-58e5-4612-81e2-64fc4c21f6a9"
[GIN] 2026/06/02 - 23:06:30 | 200 |            0s |             ::1 | GET      "/api/tasks/21721bb2-58e5-4612-81e2-64fc4c21f6a9"
[GIN] 2026/06/02 - 23:06:32 | 200 |            0s |             ::1 | GET      "/api/tasks/21721bb2-58e5-4612-81e2-64fc4c21f6a9"
[GIN] 2026/06/02 - 23:06:33 | 200 |            0s |             ::1 | GET      "/api/tasks/21721bb2-58e5-4612-81e2-64fc4c21f6a9"
[GIN] 2026/06/02 - 23:06:35 | 200 |            0s |             ::1 | GET      "/api/tasks/21721bb2-58e5-4612-81e2-64fc4c21f6a9"
[GIN] 2026/06/02 - 23:06:37 | 200 |            0s |             ::1 | GET      "/api/tasks/21721bb2-58e5-4612-81e2-64fc4c21f6a9"
[GIN] 2026/06/02 - 23:06:38 | 200 |            0s |             ::1 | GET      "/api/tasks/21721bb2-58e5-4612-81e2-64fc4c21f6a9"
[GIN] 2026/06/02 - 23:06:40 | 200 |            0s |             ::1 | GET      "/api/tasks/21721bb2-58e5-4612-81e2-64fc4c21f6a9"
[GIN] 2026/06/02 - 23:06:41 | 200 |            0s |             ::1 | GET      "/api/tasks/21721bb2-58e5-4612-81e2-64fc4c21f6a9"
[GIN] 2026/06/02 - 23:06:43 | 200 |            0s |             ::1 | GET      "/api/tasks/21721bb2-58e5-4612-81e2-64fc4c21f6a9"
[GIN] 2026/06/02 - 23:06:45 | 200 |            0s |             ::1 | GET      "/api/tasks/21721bb2-58e5-4612-81e2-64fc4c21f6a9"
[GIN] 2026/06/02 - 23:06:46 | 200 |            0s |             ::1 | GET      "/api/tasks/21721bb2-58e5-4612-81e2-64fc4c21f6a9"
[GIN] 2026/06/02 - 23:06:48 | 200 |            0s |             ::1 | GET      "/api/tasks/21721bb2-58e5-4612-81e2-64fc4c21f6a9"
[GIN] 2026/06/02 - 23:06:49 | 200 |            0s |             ::1 | GET      "/api/tasks/21721bb2-58e5-4612-81e2-64fc4c21f6a9"
[GIN] 2026/06/02 - 23:06:51 | 200 |            0s |             ::1 | GET      "/api/tasks/21721bb2-58e5-4612-81e2-64fc4c21f6a9"
[GIN] 2026/06/02 - 23:06:53 | 200 |            0s |             ::1 | GET      "/api/tasks/21721bb2-58e5-4612-81e2-64fc4c21f6a9"
[GIN] 2026/06/02 - 23:06:54 | 200 |            0s |             ::1 | GET      "/api/tasks/21721bb2-58e5-4612-81e2-64fc4c21f6a9"
[GIN] 2026/06/02 - 23:06:56 | 200 |            0s |             ::1 | GET      "/api/tasks/21721bb2-58e5-4612-81e2-64fc4c21f6a9"
[GIN] 2026/06/02 - 23:06:57 | 200 |            0s |             ::1 | GET      "/api/tasks/21721bb2-58e5-4612-81e2-64fc4c21f6a9"
[GIN] 2026/06/02 - 23:06:59 | 200 |            0s |             ::1 | GET      "/api/tasks/21721bb2-58e5-4612-81e2-64fc4c21f6a9"
[GIN] 2026/06/02 - 23:07:01 | 200 |            0s |             ::1 | GET      "/api/tasks/21721bb2-58e5-4612-81e2-64fc4c21f6a9"
[GIN] 2026/06/02 - 23:07:02 | 200 |            0s |             ::1 | GET      "/api/tasks/21721bb2-58e5-4612-81e2-64fc4c21f6a9"
[GIN] 2026/06/02 - 23:07:04 | 200 |            0s |             ::1 | GET      "/api/tasks/21721bb2-58e5-4612-81e2-64fc4c21f6a9"
[GIN] 2026/06/02 - 23:07:05 | 200 |            0s |             ::1 | GET      "/api/tasks/21721bb2-58e5-4612-81e2-64fc4c21f6a9"
[GIN] 2026/06/02 - 23:07:07 | 200 |            0s |             ::1 | GET      "/api/tasks/21721bb2-58e5-4612-81e2-64fc4c21f6a9"
[GIN] 2026/06/02 - 23:07:09 | 200 |            0s |             ::1 | GET      "/api/tasks/21721bb2-58e5-4612-81e2-64fc4c21f6a9"
[GIN] 2026/06/02 - 23:07:10 | 200 |            0s |             ::1 | GET      "/api/tasks/21721bb2-58e5-4612-81e2-64fc4c21f6a9"
[GIN] 2026/06/02 - 23:07:12 | 200 |            0s |             ::1 | GET      "/api/tasks/21721bb2-58e5-4612-81e2-64fc4c21f6a9"
[GIN] 2026/06/02 - 23:07:13 | 200 |            0s |             ::1 | GET      "/api/tasks/21721bb2-58e5-4612-81e2-64fc4c21f6a9"
[GIN] 2026/06/02 - 23:07:15 | 200 |            0s |             ::1 | GET      "/api/tasks/21721bb2-58e5-4612-81e2-64fc4c21f6a9"
[GIN] 2026/06/02 - 23:07:17 | 200 |            0s |             ::1 | GET      "/api/tasks/21721bb2-58e5-4612-81e2-64fc4c21f6a9"
[GIN] 2026/06/02 - 23:07:18 | 200 |            0s |             ::1 | GET      "/api/tasks/21721bb2-58e5-4612-81e2-64fc4c21f6a9"
[GIN] 2026/06/02 - 23:07:20 | 200 |            0s |             ::1 | GET      "/api/tasks/21721bb2-58e5-4612-81e2-64fc4c21f6a9"
[GIN] 2026/06/02 - 23:07:21 | 200 |            0s |             ::1 | GET      "/api/tasks/21721bb2-58e5-4612-81e2-64fc4c21f6a9"
[GIN] 2026/06/02 - 23:07:23 | 200 |            0s |             ::1 | GET      "/api/tasks/21721bb2-58e5-4612-81e2-64fc4c21f6a9"
[GIN] 2026/06/02 - 23:07:25 | 200 |            0s |             ::1 | GET      "/api/tasks/21721bb2-58e5-4612-81e2-64fc4c21f6a9"
[GIN] 2026/06/02 - 23:07:26 | 200 |            0s |             ::1 | GET      "/api/tasks/21721bb2-58e5-4612-81e2-64fc4c21f6a9"
[GIN] 2026/06/02 - 23:07:28 | 200 |            0s |             ::1 | GET      "/api/tasks/21721bb2-58e5-4612-81e2-64fc4c21f6a9"
[GIN] 2026/06/02 - 23:07:29 | 200 |            0s |             ::1 | GET      "/api/tasks/21721bb2-58e5-4612-81e2-64fc4c21f6a9"
[GIN] 2026/06/02 - 23:07:31 | 200 |            0s |             ::1 | GET      "/api/tasks/21721bb2-58e5-4612-81e2-64fc4c21f6a9"
[GIN] 2026/06/02 - 23:07:33 | 200 |            0s |             ::1 | GET      "/api/tasks/21721bb2-58e5-4612-81e2-64fc4c21f6a9"
[GIN] 2026/06/02 - 23:07:34 | 200 |            0s |             ::1 | GET      "/api/tasks/21721bb2-58e5-4612-81e2-64fc4c21f6a9"
[GIN] 2026/06/02 - 23:07:36 | 200 |            0s |             ::1 | GET      "/api/tasks/21721bb2-58e5-4612-81e2-64fc4c21f6a9"
[GIN] 2026/06/02 - 23:07:37 | 200 |            0s |             ::1 | GET      "/api/tasks/21721bb2-58e5-4612-81e2-64fc4c21f6a9"
[GIN] 2026/06/02 - 23:07:39 | 200 |            0s |             ::1 | GET      "/api/tasks/21721bb2-58e5-4612-81e2-64fc4c21f6a9"
[GIN] 2026/06/02 - 23:07:41 | 200 |            0s |             ::1 | GET      "/api/tasks/21721bb2-58e5-4612-81e2-64fc4c21f6a9"
[GIN] 2026/06/02 - 23:07:42 | 200 |            0s |             ::1 | GET      "/api/tasks/21721bb2-58e5-4612-81e2-64fc4c21f6a9"
[GIN] 2026/06/02 - 23:07:44 | 200 |            0s |             ::1 | GET      "/api/tasks/21721bb2-58e5-4612-81e2-64fc4c21f6a9"
[GIN] 2026/06/02 - 23:07:45 | 200 |            0s |             ::1 | GET      "/api/tasks/21721bb2-58e5-4612-81e2-64fc4c21f6a9"
[GIN] 2026/06/02 - 23:07:47 | 200 |            0s |             ::1 | GET      "/api/tasks/21721bb2-58e5-4612-81e2-64fc4c21f6a9"
[GIN] 2026/06/02 - 23:07:49 | 200 |            0s |             ::1 | GET      "/api/tasks/21721bb2-58e5-4612-81e2-64fc4c21f6a9"
[GIN] 2026/06/02 - 23:07:50 | 200 |            0s |             ::1 | GET      "/api/tasks/21721bb2-58e5-4612-81e2-64fc4c21f6a9"
[GIN] 2026/06/02 - 23:07:52 | 200 |            0s |             ::1 | GET      "/api/tasks/21721bb2-58e5-4612-81e2-64fc4c21f6a9"
[GIN] 2026/06/02 - 23:07:53 | 200 |            0s |             ::1 | GET      "/api/tasks/21721bb2-58e5-4612-81e2-64fc4c21f6a9"
[GIN] 2026/06/02 - 23:07:55 | 200 |            0s |             ::1 | GET      "/api/tasks/21721bb2-58e5-4612-81e2-64fc4c21f6a9"
[GIN] 2026/06/02 - 23:07:57 | 200 |            0s |             ::1 | GET      "/api/tasks/21721bb2-58e5-4612-81e2-64fc4c21f6a9"
[GIN] 2026/06/02 - 23:07:58 | 200 |            0s |             ::1 | GET      "/api/tasks/21721bb2-58e5-4612-81e2-64fc4c21f6a9"
[GIN] 2026/06/02 - 23:08:00 | 200 |            0s |             ::1 | GET      "/api/tasks/21721bb2-58e5-4612-81e2-64fc4c21f6a9"
[GIN] 2026/06/02 - 23:08:01 | 200 |            0s |             ::1 | GET      "/api/tasks/21721bb2-58e5-4612-81e2-64fc4c21f6a9"
[GIN] 2026/06/02 - 23:08:03 | 200 |            0s |             ::1 | GET      "/api/tasks/21721bb2-58e5-4612-81e2-64fc4c21f6a9"
[GIN] 2026/06/02 - 23:08:05 | 200 |            0s |             ::1 | GET      "/api/tasks/21721bb2-58e5-4612-81e2-64fc4c21f6a9"
[GIN] 2026/06/02 - 23:08:06 | 200 |            0s |             ::1 | GET      "/api/tasks/21721bb2-58e5-4612-81e2-64fc4c21f6a9"
[GIN] 2026/06/02 - 23:08:08 | 200 |            0s |             ::1 | GET      "/api/tasks/21721bb2-58e5-4612-81e2-64fc4c21f6a9"
[GIN] 2026/06/02 - 23:08:09 | 200 |            0s |             ::1 | GET      "/api/tasks/21721bb2-58e5-4612-81e2-64fc4c21f6a9"
[GIN] 2026/06/02 - 23:08:11 | 200 |            0s |             ::1 | GET      "/api/tasks/21721bb2-58e5-4612-81e2-64fc4c21f6a9"
[GIN] 2026/06/02 - 23:08:13 | 200 |            0s |             ::1 | GET      "/api/tasks/21721bb2-58e5-4612-81e2-64fc4c21f6a9"
[GIN] 2026/06/02 - 23:08:14 | 200 |            0s |             ::1 | GET      "/api/tasks/21721bb2-58e5-4612-81e2-64fc4c21f6a9"
[GIN] 2026/06/02 - 23:08:16 | 200 |            0s |             ::1 | GET      "/api/tasks/21721bb2-58e5-4612-81e2-64fc4c21f6a9"
[GIN] 2026/06/02 - 23:08:17 | 200 |            0s |             ::1 | GET      "/api/tasks/21721bb2-58e5-4612-81e2-64fc4c21f6a9"
[GIN] 2026/06/02 - 23:08:19 | 200 |            0s |             ::1 | GET      "/api/tasks/21721bb2-58e5-4612-81e2-64fc4c21f6a9"
[GIN] 2026/06/02 - 23:08:21 | 200 |            0s |             ::1 | GET      "/api/tasks/21721bb2-58e5-4612-81e2-64fc4c21f6a9"
[GIN] 2026/06/02 - 23:08:22 | 200 |            0s |             ::1 | GET      "/api/tasks/21721bb2-58e5-4612-81e2-64fc4c21f6a9"
[GIN] 2026/06/02 - 23:08:24 | 200 |            0s |             ::1 | GET      "/api/tasks/21721bb2-58e5-4612-81e2-64fc4c21f6a9"
[GIN] 2026/06/02 - 23:08:25 | 200 |            0s |             ::1 | GET      "/api/tasks/21721bb2-58e5-4612-81e2-64fc4c21f6a9"
[GIN] 2026/06/02 - 23:08:27 | 200 |            0s |             ::1 | GET      "/api/tasks/21721bb2-58e5-4612-81e2-64fc4c21f6a9"
[GIN] 2026/06/02 - 23:08:29 | 200 |            0s |             ::1 | GET      "/api/tasks/21721bb2-58e5-4612-81e2-64fc4c21f6a9"
[GIN] 2026/06/02 - 23:08:30 | 200 |            0s |             ::1 | GET      "/api/tasks/21721bb2-58e5-4612-81e2-64fc4c21f6a9"
[GIN] 2026/06/02 - 23:08:32 | 200 |            0s |             ::1 | GET      "/api/tasks/21721bb2-58e5-4612-81e2-64fc4c21f6a9"
[GIN] 2026/06/02 - 23:08:33 | 200 |            0s |             ::1 | GET      "/api/tasks/21721bb2-58e5-4612-81e2-64fc4c21f6a9"
[GIN] 2026/06/02 - 23:08:35 | 200 |            0s |             ::1 | GET      "/api/tasks/21721bb2-58e5-4612-81e2-64fc4c21f6a9"
[GIN] 2026/06/02 - 23:08:37 | 200 |            0s |             ::1 | GET      "/api/tasks/21721bb2-58e5-4612-81e2-64fc4c21f6a9"
[GIN] 2026/06/02 - 23:08:38 | 200 |            0s |             ::1 | GET      "/api/tasks/21721bb2-58e5-4612-81e2-64fc4c21f6a9"
[GIN] 2026/06/02 - 23:08:40 | 200 |            0s |             ::1 | GET      "/api/tasks/21721bb2-58e5-4612-81e2-64fc4c21f6a9"
[GIN] 2026/06/02 - 23:08:41 | 200 |            0s |             ::1 | GET      "/api/tasks/21721bb2-58e5-4612-81e2-64fc4c21f6a9"
[GIN] 2026/06/02 - 23:08:43 | 200 |            0s |             ::1 | GET      "/api/tasks/21721bb2-58e5-4612-81e2-64fc4c21f6a9"
[GIN] 2026/06/02 - 23:08:45 | 200 |            0s |             ::1 | GET      "/api/tasks/21721bb2-58e5-4612-81e2-64fc4c21f6a9"
[GIN] 2026/06/02 - 23:08:46 | 200 |            0s |             ::1 | GET      "/api/tasks/21721bb2-58e5-4612-81e2-64fc4c21f6a9"
[GIN] 2026/06/02 - 23:08:48 | 200 |            0s |             ::1 | GET      "/api/tasks/21721bb2-58e5-4612-81e2-64fc4c21f6a9"
[GIN] 2026/06/02 - 23:08:49 | 200 |            0s |             ::1 | GET      "/api/tasks/21721bb2-58e5-4612-81e2-64fc4c21f6a9"
[GIN] 2026/06/02 - 23:08:51 | 200 |            0s |             ::1 | GET      "/api/tasks/21721bb2-58e5-4612-81e2-64fc4c21f6a9"
[GIN] 2026/06/02 - 23:08:53 | 200 |            0s |             ::1 | GET      "/api/tasks/21721bb2-58e5-4612-81e2-64fc4c21f6a9"
[GIN] 2026/06/02 - 23:08:54 | 200 |            0s |             ::1 | GET      "/api/tasks/21721bb2-58e5-4612-81e2-64fc4c21f6a9"
[GIN] 2026/06/02 - 23:08:56 | 200 |            0s |             ::1 | GET      "/api/tasks/21721bb2-58e5-4612-81e2-64fc4c21f6a9"
[GIN] 2026/06/02 - 23:08:57 | 200 |            0s |             ::1 | GET      "/api/tasks/21721bb2-58e5-4612-81e2-64fc4c21f6a9"
[GIN] 2026/06/02 - 23:08:59 | 200 |            0s |             ::1 | GET      "/api/tasks/21721bb2-58e5-4612-81e2-64fc4c21f6a9"
[GIN] 2026/06/02 - 23:09:01 | 200 |            0s |             ::1 | GET      "/api/tasks/21721bb2-58e5-4612-81e2-64fc4c21f6a9"
[GIN] 2026/06/02 - 23:09:02 | 200 |            0s |             ::1 | GET      "/api/tasks/21721bb2-58e5-4612-81e2-64fc4c21f6a9"
[GIN] 2026/06/02 - 23:09:04 | 200 |            0s |             ::1 | GET      "/api/tasks/21721bb2-58e5-4612-81e2-64fc4c21f6a9"
[GIN] 2026/06/02 - 23:09:05 | 200 |            0s |             ::1 | GET      "/api/tasks/21721bb2-58e5-4612-81e2-64fc4c21f6a9"
[GIN] 2026/06/02 - 23:09:07 | 200 |            0s |             ::1 | GET      "/api/tasks/21721bb2-58e5-4612-81e2-64fc4c21f6a9"
[GIN] 2026/06/02 - 23:09:09 | 200 |            0s |             ::1 | GET      "/api/tasks/21721bb2-58e5-4612-81e2-64fc4c21f6a9"
[GIN] 2026/06/02 - 23:09:10 | 200 |            0s |             ::1 | GET      "/api/tasks/21721bb2-58e5-4612-81e2-64fc4c21f6a9"
[GIN] 2026/06/02 - 23:09:12 | 200 |            0s |             ::1 | GET      "/api/tasks/21721bb2-58e5-4612-81e2-64fc4c21f6a9"
[GIN] 2026/06/02 - 23:09:13 | 200 |            0s |             ::1 | GET      "/api/tasks/21721bb2-58e5-4612-81e2-64fc4c21f6a9"
[GIN] 2026/06/02 - 23:09:15 | 200 |            0s |             ::1 | GET      "/api/tasks/21721bb2-58e5-4612-81e2-64fc4c21f6a9"
[GIN] 2026/06/02 - 23:09:17 | 200 |            0s |             ::1 | GET      "/api/tasks/21721bb2-58e5-4612-81e2-64fc4c21f6a9"
[GIN] 2026/06/02 - 23:09:18 | 200 |            0s |             ::1 | GET      "/api/tasks/21721bb2-58e5-4612-81e2-64fc4c21f6a9"
[GIN] 2026/06/02 - 23:09:20 | 200 |            0s |             ::1 | GET      "/api/tasks/21721bb2-58e5-4612-81e2-64fc4c21f6a9"
[GIN] 2026/06/02 - 23:09:21 | 200 |            0s |             ::1 | GET      "/api/tasks/21721bb2-58e5-4612-81e2-64fc4c21f6a9"
[GIN] 2026/06/02 - 23:09:23 | 200 |            0s |             ::1 | GET      "/api/tasks/21721bb2-58e5-4612-81e2-64fc4c21f6a9"
[GIN] 2026/06/02 - 23:09:25 | 200 |            0s |             ::1 | GET      "/api/tasks/21721bb2-58e5-4612-81e2-64fc4c21f6a9"
[GIN] 2026/06/02 - 23:09:26 | 200 |            0s |             ::1 | GET      "/api/tasks/21721bb2-58e5-4612-81e2-64fc4c21f6a9"
[GIN] 2026/06/02 - 23:09:28 | 200 |            0s |             ::1 | GET      "/api/tasks/21721bb2-58e5-4612-81e2-64fc4c21f6a9"
[GIN] 2026/06/02 - 23:09:29 | 200 |            0s |             ::1 | GET      "/api/tasks/21721bb2-58e5-4612-81e2-64fc4c21f6a9"
[GIN] 2026/06/02 - 23:09:31 | 200 |            0s |             ::1 | GET      "/api/tasks/21721bb2-58e5-4612-81e2-64fc4c21f6a9"
[GIN] 2026/06/02 - 23:09:33 | 200 |            0s |             ::1 | GET      "/api/tasks/21721bb2-58e5-4612-81e2-64fc4c21f6a9"
[GIN] 2026/06/02 - 23:09:34 | 200 |            0s |             ::1 | GET      "/api/tasks/21721bb2-58e5-4612-81e2-64fc4c21f6a9"
[GIN] 2026/06/02 - 23:09:36 | 200 |            0s |             ::1 | GET      "/api/tasks/21721bb2-58e5-4612-81e2-64fc4c21f6a9"
[GIN] 2026/06/02 - 23:09:37 | 200 |            0s |             ::1 | GET      "/api/tasks/21721bb2-58e5-4612-81e2-64fc4c21f6a9"
[GIN] 2026/06/02 - 23:09:39 | 200 |            0s |             ::1 | GET      "/api/tasks/21721bb2-58e5-4612-81e2-64fc4c21f6a9"
[GIN] 2026/06/02 - 23:09:41 | 200 |            0s |             ::1 | GET      "/api/tasks/21721bb2-58e5-4612-81e2-64fc4c21f6a9"
[GIN] 2026/06/02 - 23:09:42 | 200 |            0s |             ::1 | GET      "/api/tasks/21721bb2-58e5-4612-81e2-64fc4c21f6a9"
[GIN] 2026/06/02 - 23:09:44 | 200 |            0s |             ::1 | GET      "/api/tasks/21721bb2-58e5-4612-81e2-64fc4c21f6a9"
[GIN] 2026/06/02 - 23:09:45 | 200 |            0s |             ::1 | GET      "/api/tasks/21721bb2-58e5-4612-81e2-64fc4c21f6a9"
[GIN] 2026/06/02 - 23:09:47 | 200 |            0s |             ::1 | GET      "/api/tasks/21721bb2-58e5-4612-81e2-64fc4c21f6a9"
[GIN] 2026/06/02 - 23:09:49 | 200 |            0s |             ::1 | GET      "/api/tasks/21721bb2-58e5-4612-81e2-64fc4c21f6a9"
[GIN] 2026/06/02 - 23:09:50 | 200 |            0s |             ::1 | GET      "/api/tasks/21721bb2-58e5-4612-81e2-64fc4c21f6a9"
[GIN] 2026/06/02 - 23:09:52 | 200 |            0s |             ::1 | GET      "/api/tasks/21721bb2-58e5-4612-81e2-64fc4c21f6a9"
[GIN] 2026/06/02 - 23:09:53 | 200 |            0s |             ::1 | GET      "/api/tasks/21721bb2-58e5-4612-81e2-64fc4c21f6a9"
[GIN] 2026/06/02 - 23:09:55 | 200 |            0s |             ::1 | GET      "/api/tasks/21721bb2-58e5-4612-81e2-64fc4c21f6a9"
[GIN] 2026/06/02 - 23:09:57 | 200 |            0s |             ::1 | GET      "/api/tasks/21721bb2-58e5-4612-81e2-64fc4c21f6a9"
[GIN] 2026/06/02 - 23:09:58 | 200 |            0s |             ::1 | GET      "/api/tasks/21721bb2-58e5-4612-81e2-64fc4c21f6a9"
[GIN] 2026/06/02 - 23:10:00 | 200 |            0s |             ::1 | GET      "/api/tasks/21721bb2-58e5-4612-81e2-64fc4c21f6a9"
[GIN] 2026/06/02 - 23:10:01 | 200 |            0s |             ::1 | GET      "/api/tasks/21721bb2-58e5-4612-81e2-64fc4c21f6a9"
[GIN] 2026/06/02 - 23:10:03 | 200 |            0s |             ::1 | GET      "/api/tasks/21721bb2-58e5-4612-81e2-64fc4c21f6a9"
[GIN] 2026/06/02 - 23:10:05 | 200 |            0s |             ::1 | GET      "/api/tasks/21721bb2-58e5-4612-81e2-64fc4c21f6a9"
[GIN] 2026/06/02 - 23:10:06 | 200 |            0s |             ::1 | GET      "/api/tasks/21721bb2-58e5-4612-81e2-64fc4c21f6a9"
[GIN] 2026/06/02 - 23:10:08 | 200 |            0s |             ::1 | GET      "/api/tasks/21721bb2-58e5-4612-81e2-64fc4c21f6a9"
[GIN] 2026/06/02 - 23:10:09 | 200 |            0s |             ::1 | GET      "/api/tasks/21721bb2-58e5-4612-81e2-64fc4c21f6a9"
[GIN] 2026/06/02 - 23:10:11 | 200 |            0s |             ::1 | GET      "/api/tasks/21721bb2-58e5-4612-81e2-64fc4c21f6a9"
[GIN] 2026/06/02 - 23:10:13 | 200 |            0s |             ::1 | GET      "/api/tasks/21721bb2-58e5-4612-81e2-64fc4c21f6a9"
[GIN] 2026/06/02 - 23:10:14 | 200 |            0s |             ::1 | GET      "/api/tasks/21721bb2-58e5-4612-81e2-64fc4c21f6a9"
[GIN] 2026/06/02 - 23:10:16 | 200 |            0s |             ::1 | GET      "/api/tasks/21721bb2-58e5-4612-81e2-64fc4c21f6a9"
[GIN] 2026/06/02 - 23:10:17 | 200 |            0s |             ::1 | GET      "/api/tasks/21721bb2-58e5-4612-81e2-64fc4c21f6a9"
[GIN] 2026/06/02 - 23:10:19 | 200 |            0s |             ::1 | GET      "/api/tasks/21721bb2-58e5-4612-81e2-64fc4c21f6a9"
[GIN] 2026/06/02 - 23:10:21 | 200 |            0s |             ::1 | GET      "/api/tasks/21721bb2-58e5-4612-81e2-64fc4c21f6a9"
[GIN] 2026/06/02 - 23:10:22 | 200 |            0s |             ::1 | GET      "/api/tasks/21721bb2-58e5-4612-81e2-64fc4c21f6a9"
[GIN] 2026/06/02 - 23:10:24 | 200 |            0s |             ::1 | GET      "/api/tasks/21721bb2-58e5-4612-81e2-64fc4c21f6a9"
[GIN] 2026/06/02 - 23:10:25 | 200 |            0s |             ::1 | GET      "/api/tasks/21721bb2-58e5-4612-81e2-64fc4c21f6a9"
[GIN] 2026/06/02 - 23:10:27 | 200 |            0s |             ::1 | GET      "/api/tasks/21721bb2-58e5-4612-81e2-64fc4c21f6a9"
[GIN] 2026/06/02 - 23:10:29 | 200 |            0s |             ::1 | GET      "/api/tasks/21721bb2-58e5-4612-81e2-64fc4c21f6a9"
[GIN] 2026/06/02 - 23:10:30 | 200 |            0s |             ::1 | GET      "/api/tasks/21721bb2-58e5-4612-81e2-64fc4c21f6a9"
[GIN] 2026/06/02 - 23:10:32 | 200 |            0s |             ::1 | GET      "/api/tasks/21721bb2-58e5-4612-81e2-64fc4c21f6a9"
[GIN] 2026/06/02 - 23:10:33 | 200 |            0s |             ::1 | GET      "/api/tasks/21721bb2-58e5-4612-81e2-64fc4c21f6a9"
[GIN] 2026/06/02 - 23:10:35 | 200 |            0s |             ::1 | GET      "/api/tasks/21721bb2-58e5-4612-81e2-64fc4c21f6a9"
[GIN] 2026/06/02 - 23:10:37 | 200 |            0s |             ::1 | GET      "/api/tasks/21721bb2-58e5-4612-81e2-64fc4c21f6a9"
[GIN] 2026/06/02 - 23:10:38 | 200 |            0s |             ::1 | GET      "/api/tasks/21721bb2-58e5-4612-81e2-64fc4c21f6a9"
[GIN] 2026/06/02 - 23:10:40 | 200 |            0s |             ::1 | GET      "/api/tasks/21721bb2-58e5-4612-81e2-64fc4c21f6a9"
[GIN] 2026/06/02 - 23:10:41 | 200 |            0s |             ::1 | GET      "/api/tasks/21721bb2-58e5-4612-81e2-64fc4c21f6a9"
[GIN] 2026/06/02 - 23:10:43 | 200 |            0s |             ::1 | GET      "/api/tasks/21721bb2-58e5-4612-81e2-64fc4c21f6a9"
[GIN] 2026/06/02 - 23:10:45 | 200 |            0s |             ::1 | GET      "/api/tasks/21721bb2-58e5-4612-81e2-64fc4c21f6a9"
[GIN] 2026/06/02 - 23:10:46 | 200 |            0s |             ::1 | GET      "/api/tasks/21721bb2-58e5-4612-81e2-64fc4c21f6a9"
[GIN] 2026/06/02 - 23:10:48 | 200 |            0s |             ::1 | GET      "/api/tasks/21721bb2-58e5-4612-81e2-64fc4c21f6a9"
[GIN] 2026/06/02 - 23:10:49 | 200 |            0s |             ::1 | GET      "/api/tasks/21721bb2-58e5-4612-81e2-64fc4c21f6a9"
[GIN] 2026/06/02 - 23:10:51 | 200 |            0s |             ::1 | GET      "/api/tasks/21721bb2-58e5-4612-81e2-64fc4c21f6a9"
[GIN] 2026/06/02 - 23:10:53 | 200 |            0s |             ::1 | GET      "/api/tasks/21721bb2-58e5-4612-81e2-64fc4c21f6a9"
[GIN] 2026/06/02 - 23:10:54 | 200 |            0s |             ::1 | GET      "/api/tasks/21721bb2-58e5-4612-81e2-64fc4c21f6a9"
[GIN] 2026/06/02 - 23:10:56 | 200 |            0s |             ::1 | GET      "/api/tasks/21721bb2-58e5-4612-81e2-64fc4c21f6a9"
[GIN] 2026/06/02 - 23:10:57 | 200 |            0s |             ::1 | GET      "/api/tasks/21721bb2-58e5-4612-81e2-64fc4c21f6a9"
[GIN] 2026/06/02 - 23:10:59 | 200 |            0s |             ::1 | GET      "/api/tasks/21721bb2-58e5-4612-81e2-64fc4c21f6a9"
[GIN] 2026/06/02 - 23:11:01 | 200 |            0s |             ::1 | GET      "/api/tasks/21721bb2-58e5-4612-81e2-64fc4c21f6a9"
[GIN] 2026/06/02 - 23:11:02 | 200 |            0s |             ::1 | GET      "/api/tasks/21721bb2-58e5-4612-81e2-64fc4c21f6a9"
[GIN] 2026/06/02 - 23:11:04 | 200 |            0s |             ::1 | GET      "/api/tasks/21721bb2-58e5-4612-81e2-64fc4c21f6a9"
[GIN] 2026/06/02 - 23:11:05 | 200 |            0s |             ::1 | GET      "/api/tasks/21721bb2-58e5-4612-81e2-64fc4c21f6a9"
[GIN] 2026/06/02 - 23:11:07 | 200 |            0s |             ::1 | GET      "/api/tasks/21721bb2-58e5-4612-81e2-64fc4c21f6a9"
[GIN] 2026/06/02 - 23:11:09 | 200 |            0s |             ::1 | GET      "/api/tasks/21721bb2-58e5-4612-81e2-64fc4c21f6a9"
[GIN] 2026/06/02 - 23:11:10 | 200 |            0s |             ::1 | GET      "/api/tasks/21721bb2-58e5-4612-81e2-64fc4c21f6a9"
[GIN] 2026/06/02 - 23:11:12 | 200 |            0s |             ::1 | GET      "/api/tasks/21721bb2-58e5-4612-81e2-64fc4c21f6a9"
[GIN] 2026/06/02 - 23:11:13 | 200 |            0s |             ::1 | GET      "/api/tasks/21721bb2-58e5-4612-81e2-64fc4c21f6a9"
[GIN] 2026/06/02 - 23:11:15 | 200 |            0s |             ::1 | GET      "/api/tasks/21721bb2-58e5-4612-81e2-64fc4c21f6a9"
[GIN] 2026/06/02 - 23:11:17 | 200 |            0s |             ::1 | GET      "/api/tasks/21721bb2-58e5-4612-81e2-64fc4c21f6a9"
[GIN] 2026/06/02 - 23:11:18 | 200 |            0s |             ::1 | GET      "/api/tasks/21721bb2-58e5-4612-81e2-64fc4c21f6a9"
[GIN] 2026/06/02 - 23:11:20 | 200 |            0s |             ::1 | GET      "/api/tasks/21721bb2-58e5-4612-81e2-64fc4c21f6a9"
[GIN] 2026/06/02 - 23:11:21 | 200 |            0s |             ::1 | GET      "/api/tasks/21721bb2-58e5-4612-81e2-64fc4c21f6a9"
[GIN] 2026/06/02 - 23:11:23 | 200 |            0s |             ::1 | GET      "/api/tasks/21721bb2-58e5-4612-81e2-64fc4c21f6a9"
[GIN] 2026/06/02 - 23:11:25 | 200 |            0s |             ::1 | GET      "/api/tasks/21721bb2-58e5-4612-81e2-64fc4c21f6a9"
[GIN] 2026/06/02 - 23:11:26 | 200 |            0s |             ::1 | GET      "/api/tasks/21721bb2-58e5-4612-81e2-64fc4c21f6a9"
[GIN] 2026/06/02 - 23:11:28 | 200 |            0s |             ::1 | GET      "/api/tasks/21721bb2-58e5-4612-81e2-64fc4c21f6a9"
[GIN] 2026/06/02 - 23:11:29 | 200 |            0s |             ::1 | GET      "/api/tasks/21721bb2-58e5-4612-81e2-64fc4c21f6a9"
[GIN] 2026/06/02 - 23:11:31 | 200 |            0s |             ::1 | GET      "/api/tasks/21721bb2-58e5-4612-81e2-64fc4c21f6a9"
[GIN] 2026/06/02 - 23:11:33 | 200 |            0s |             ::1 | GET      "/api/tasks/21721bb2-58e5-4612-81e2-64fc4c21f6a9"
[GIN] 2026/06/02 - 23:11:34 | 200 |            0s |             ::1 | GET      "/api/tasks/21721bb2-58e5-4612-81e2-64fc4c21f6a9"
[GIN] 2026/06/02 - 23:11:36 | 200 |            0s |             ::1 | GET      "/api/tasks/21721bb2-58e5-4612-81e2-64fc4c21f6a9"
[GIN] 2026/06/02 - 23:11:37 | 200 |            0s |             ::1 | GET      "/api/tasks/21721bb2-58e5-4612-81e2-64fc4c21f6a9"
[GIN] 2026/06/02 - 23:11:39 | 200 |            0s |             ::1 | GET      "/api/tasks/21721bb2-58e5-4612-81e2-64fc4c21f6a9"
[GIN] 2026/06/02 - 23:11:41 | 200 |            0s |             ::1 | GET      "/api/tasks/21721bb2-58e5-4612-81e2-64fc4c21f6a9"
[GIN] 2026/06/02 - 23:11:42 | 200 |            0s |             ::1 | GET      "/api/tasks/21721bb2-58e5-4612-81e2-64fc4c21f6a9"
[GIN] 2026/06/02 - 23:11:44 | 200 |            0s |             ::1 | GET      "/api/tasks/21721bb2-58e5-4612-81e2-64fc4c21f6a9"
[GIN] 2026/06/02 - 23:11:45 | 200 |            0s |             ::1 | GET      "/api/tasks/21721bb2-58e5-4612-81e2-64fc4c21f6a9"
[GIN] 2026/06/02 - 23:11:47 | 200 |            0s |             ::1 | GET      "/api/tasks/21721bb2-58e5-4612-81e2-64fc4c21f6a9"
[GIN] 2026/06/02 - 23:11:49 | 200 |            0s |             ::1 | GET      "/api/tasks/21721bb2-58e5-4612-81e2-64fc4c21f6a9"
[GIN] 2026/06/02 - 23:11:50 | 200 |            0s |             ::1 | GET      "/api/tasks/21721bb2-58e5-4612-81e2-64fc4c21f6a9"
[GIN] 2026/06/02 - 23:11:52 | 200 |            0s |             ::1 | GET      "/api/tasks/21721bb2-58e5-4612-81e2-64fc4c21f6a9"
[GIN] 2026/06/02 - 23:11:53 | 200 |            0s |             ::1 | GET      "/api/tasks/21721bb2-58e5-4612-81e2-64fc4c21f6a9"
[GIN] 2026/06/02 - 23:11:55 | 200 |            0s |             ::1 | GET      "/api/tasks/21721bb2-58e5-4612-81e2-64fc4c21f6a9"
[GIN] 2026/06/02 - 23:11:57 | 200 |            0s |             ::1 | GET      "/api/tasks/21721bb2-58e5-4612-81e2-64fc4c21f6a9"
[GIN] 2026/06/02 - 23:11:58 | 200 |            0s |             ::1 | GET      "/api/tasks/21721bb2-58e5-4612-81e2-64fc4c21f6a9"
[GIN] 2026/06/02 - 23:12:00 | 200 |            0s |             ::1 | GET      "/api/tasks/21721bb2-58e5-4612-81e2-64fc4c21f6a9"
[GIN] 2026/06/02 - 23:12:01 | 200 |            0s |             ::1 | GET      "/api/tasks/21721bb2-58e5-4612-81e2-64fc4c21f6a9"
[GIN] 2026/06/02 - 23:12:03 | 200 |            0s |             ::1 | GET      "/api/tasks/21721bb2-58e5-4612-81e2-64fc4c21f6a9"
[GIN] 2026/06/02 - 23:12:05 | 200 |            0s |             ::1 | GET      "/api/tasks/21721bb2-58e5-4612-81e2-64fc4c21f6a9"
[GIN] 2026/06/02 - 23:12:06 | 200 |            0s |             ::1 | GET      "/api/tasks/21721bb2-58e5-4612-81e2-64fc4c21f6a9"
[GIN] 2026/06/02 - 23:12:08 | 200 |            0s |             ::1 | GET      "/api/tasks/21721bb2-58e5-4612-81e2-64fc4c21f6a9"
[GIN] 2026/06/02 - 23:12:09 | 200 |            0s |             ::1 | GET      "/api/tasks/21721bb2-58e5-4612-81e2-64fc4c21f6a9"
[GIN] 2026/06/02 - 23:12:11 | 200 |            0s |             ::1 | GET      "/api/tasks/21721bb2-58e5-4612-81e2-64fc4c21f6a9"
[GIN] 2026/06/02 - 23:12:13 | 200 |            0s |             ::1 | GET      "/api/tasks/21721bb2-58e5-4612-81e2-64fc4c21f6a9"
[GIN] 2026/06/02 - 23:12:14 | 200 |            0s |             ::1 | GET      "/api/tasks/21721bb2-58e5-4612-81e2-64fc4c21f6a9"
[GIN] 2026/06/02 - 23:12:16 | 200 |            0s |             ::1 | GET      "/api/tasks/21721bb2-58e5-4612-81e2-64fc4c21f6a9"
[GIN] 2026/06/02 - 23:12:17 | 200 |            0s |             ::1 | GET      "/api/tasks/21721bb2-58e5-4612-81e2-64fc4c21f6a9"
[GIN] 2026/06/02 - 23:12:19 | 200 |            0s |             ::1 | GET      "/api/tasks/21721bb2-58e5-4612-81e2-64fc4c21f6a9"
[GIN] 2026/06/02 - 23:12:21 | 200 |            0s |             ::1 | GET      "/api/tasks/21721bb2-58e5-4612-81e2-64fc4c21f6a9"
[GIN] 2026/06/02 - 23:12:22 | 200 |            0s |             ::1 | GET      "/api/tasks/21721bb2-58e5-4612-81e2-64fc4c21f6a9"
[GIN] 2026/06/02 - 23:12:24 | 200 |            0s |             ::1 | GET      "/api/tasks/21721bb2-58e5-4612-81e2-64fc4c21f6a9"
[GIN] 2026/06/02 - 23:12:25 | 200 |            0s |             ::1 | GET      "/api/tasks/21721bb2-58e5-4612-81e2-64fc4c21f6a9"
[GIN] 2026/06/02 - 23:12:27 | 200 |            0s |             ::1 | GET      "/api/tasks/21721bb2-58e5-4612-81e2-64fc4c21f6a9"
[GIN] 2026/06/02 - 23:12:29 | 200 |            0s |             ::1 | GET      "/api/tasks/21721bb2-58e5-4612-81e2-64fc4c21f6a9"
[GIN] 2026/06/02 - 23:12:30 | 200 |            0s |             ::1 | GET      "/api/tasks/21721bb2-58e5-4612-81e2-64fc4c21f6a9"
[GIN] 2026/06/02 - 23:12:32 | 200 |            0s |             ::1 | GET      "/api/tasks/21721bb2-58e5-4612-81e2-64fc4c21f6a9"
[GIN] 2026/06/02 - 23:12:33 | 200 |            0s |             ::1 | GET      "/api/tasks/21721bb2-58e5-4612-81e2-64fc4c21f6a9"
[GIN] 2026/06/02 - 23:12:35 | 200 |            0s |             ::1 | GET      "/api/tasks/21721bb2-58e5-4612-81e2-64fc4c21f6a9"
[GIN] 2026/06/02 - 23:12:37 | 200 |            0s |             ::1 | GET      "/api/tasks/21721bb2-58e5-4612-81e2-64fc4c21f6a9"
[GIN] 2026/06/02 - 23:12:38 | 200 |            0s |             ::1 | GET      "/api/tasks/21721bb2-58e5-4612-81e2-64fc4c21f6a9"
[GIN] 2026/06/02 - 23:12:40 | 200 |            0s |             ::1 | GET      "/api/tasks/21721bb2-58e5-4612-81e2-64fc4c21f6a9"
[GIN] 2026/06/02 - 23:12:41 | 200 |            0s |             ::1 | GET      "/api/tasks/21721bb2-58e5-4612-81e2-64fc4c21f6a9"
[GIN] 2026/06/02 - 23:12:43 | 200 |            0s |             ::1 | GET      "/api/tasks/21721bb2-58e5-4612-81e2-64fc4c21f6a9"
[GIN] 2026/06/02 - 23:12:45 | 200 |            0s |             ::1 | GET      "/api/tasks/21721bb2-58e5-4612-81e2-64fc4c21f6a9"
[GIN] 2026/06/02 - 23:12:46 | 200 |            0s |             ::1 | GET      "/api/tasks/21721bb2-58e5-4612-81e2-64fc4c21f6a9"
[GIN] 2026/06/02 - 23:12:48 | 200 |            0s |             ::1 | GET      "/api/tasks/21721bb2-58e5-4612-81e2-64fc4c21f6a9"
[GIN] 2026/06/02 - 23:12:49 | 200 |            0s |             ::1 | GET      "/api/tasks/21721bb2-58e5-4612-81e2-64fc4c21f6a9"
[GIN] 2026/06/02 - 23:12:51 | 200 |            0s |             ::1 | GET      "/api/tasks/21721bb2-58e5-4612-81e2-64fc4c21f6a9"
[GIN] 2026/06/02 - 23:12:53 | 200 |            0s |             ::1 | GET      "/api/tasks/21721bb2-58e5-4612-81e2-64fc4c21f6a9"
[GIN] 2026/06/02 - 23:12:54 | 200 |            0s |             ::1 | GET      "/api/tasks/21721bb2-58e5-4612-81e2-64fc4c21f6a9"
[GIN] 2026/06/02 - 23:12:56 | 200 |            0s |             ::1 | GET      "/api/tasks/21721bb2-58e5-4612-81e2-64fc4c21f6a9"
[GIN] 2026/06/02 - 23:12:57 | 200 |            0s |             ::1 | GET      "/api/tasks/21721bb2-58e5-4612-81e2-64fc4c21f6a9"
[GIN] 2026/06/02 - 23:12:59 | 200 |            0s |             ::1 | GET      "/api/tasks/21721bb2-58e5-4612-81e2-64fc4c21f6a9"
[GIN] 2026/06/02 - 23:13:01 | 200 |            0s |             ::1 | GET      "/api/tasks/21721bb2-58e5-4612-81e2-64fc4c21f6a9"
[GIN] 2026/06/02 - 23:13:02 | 200 |            0s |             ::1 | GET      "/api/tasks/21721bb2-58e5-4612-81e2-64fc4c21f6a9"
[GIN] 2026/06/02 - 23:13:04 | 200 |            0s |             ::1 | GET      "/api/tasks/21721bb2-58e5-4612-81e2-64fc4c21f6a9"
[GIN] 2026/06/02 - 23:13:05 | 200 |            0s |             ::1 | GET      "/api/tasks/21721bb2-58e5-4612-81e2-64fc4c21f6a9"
[GIN] 2026/06/02 - 23:13:07 | 200 |            0s |             ::1 | GET      "/api/tasks/21721bb2-58e5-4612-81e2-64fc4c21f6a9"
[GIN] 2026/06/02 - 23:13:09 | 200 |            0s |             ::1 | GET      "/api/tasks/21721bb2-58e5-4612-81e2-64fc4c21f6a9"
[GIN] 2026/06/02 - 23:13:10 | 200 |            0s |             ::1 | GET      "/api/tasks/21721bb2-58e5-4612-81e2-64fc4c21f6a9"
[GIN] 2026/06/02 - 23:13:12 | 200 |            0s |             ::1 | GET      "/api/tasks/21721bb2-58e5-4612-81e2-64fc4c21f6a9"
[GIN] 2026/06/02 - 23:13:13 | 200 |            0s |             ::1 | GET      "/api/tasks/21721bb2-58e5-4612-81e2-64fc4c21f6a9"
[GIN] 2026/06/02 - 23:13:15 | 200 |            0s |             ::1 | GET      "/api/tasks/21721bb2-58e5-4612-81e2-64fc4c21f6a9"
[GIN] 2026/06/02 - 23:13:17 | 200 |            0s |             ::1 | GET      "/api/tasks/21721bb2-58e5-4612-81e2-64fc4c21f6a9"
[GIN] 2026/06/02 - 23:13:18 | 200 |            0s |             ::1 | GET      "/api/tasks/21721bb2-58e5-4612-81e2-64fc4c21f6a9"
[GIN] 2026/06/02 - 23:13:20 | 200 |            0s |             ::1 | GET      "/api/tasks/21721bb2-58e5-4612-81e2-64fc4c21f6a9"
[GIN] 2026/06/02 - 23:13:21 | 200 |            0s |             ::1 | GET      "/api/tasks/21721bb2-58e5-4612-81e2-64fc4c21f6a9"
[GIN] 2026/06/02 - 23:13:23 | 200 |            0s |             ::1 | GET      "/api/tasks/21721bb2-58e5-4612-81e2-64fc4c21f6a9"
[GIN] 2026/06/02 - 23:13:25 | 200 |            0s |             ::1 | GET      "/api/tasks/21721bb2-58e5-4612-81e2-64fc4c21f6a9"
[GIN] 2026/06/02 - 23:13:26 | 200 |            0s |             ::1 | GET      "/api/tasks/21721bb2-58e5-4612-81e2-64fc4c21f6a9"
[GIN] 2026/06/02 - 23:13:28 | 200 |            0s |             ::1 | GET      "/api/tasks/21721bb2-58e5-4612-81e2-64fc4c21f6a9"
[GIN] 2026/06/02 - 23:13:29 | 200 |            0s |             ::1 | GET      "/api/tasks/21721bb2-58e5-4612-81e2-64fc4c21f6a9"
[GIN] 2026/06/02 - 23:13:31 | 200 |            0s |             ::1 | GET      "/api/tasks/21721bb2-58e5-4612-81e2-64fc4c21f6a9"
[GIN] 2026/06/02 - 23:13:33 | 200 |            0s |             ::1 | GET      "/api/tasks/21721bb2-58e5-4612-81e2-64fc4c21f6a9"
[GIN] 2026/06/02 - 23:13:34 | 200 |            0s |             ::1 | GET      "/api/tasks/21721bb2-58e5-4612-81e2-64fc4c21f6a9"
[GIN] 2026/06/02 - 23:13:36 | 200 |            0s |             ::1 | GET      "/api/tasks/21721bb2-58e5-4612-81e2-64fc4c21f6a9"
[GIN] 2026/06/02 - 23:13:37 | 200 |            0s |             ::1 | GET      "/api/tasks/21721bb2-58e5-4612-81e2-64fc4c21f6a9"
[GIN] 2026/06/02 - 23:13:39 | 200 |            0s |             ::1 | GET      "/api/tasks/21721bb2-58e5-4612-81e2-64fc4c21f6a9"
[GIN] 2026/06/02 - 23:13:41 | 200 |            0s |             ::1 | GET      "/api/tasks/21721bb2-58e5-4612-81e2-64fc4c21f6a9"
[GIN] 2026/06/02 - 23:13:42 | 200 |            0s |             ::1 | GET      "/api/tasks/21721bb2-58e5-4612-81e2-64fc4c21f6a9"
[GIN] 2026/06/02 - 23:13:44 | 200 |            0s |             ::1 | GET      "/api/tasks/21721bb2-58e5-4612-81e2-64fc4c21f6a9"
[GIN] 2026/06/02 - 23:13:45 | 200 |            0s |             ::1 | GET      "/api/tasks/21721bb2-58e5-4612-81e2-64fc4c21f6a9"
[GIN] 2026/06/02 - 23:13:47 | 200 |            0s |             ::1 | GET      "/api/tasks/21721bb2-58e5-4612-81e2-64fc4c21f6a9"
[GIN] 2026/06/02 - 23:13:49 | 200 |            0s |             ::1 | GET      "/api/tasks/21721bb2-58e5-4612-81e2-64fc4c21f6a9"
[GIN] 2026/06/02 - 23:13:50 | 200 |            0s |             ::1 | GET      "/api/tasks/21721bb2-58e5-4612-81e2-64fc4c21f6a9"
[GIN] 2026/06/02 - 23:13:52 | 200 |            0s |             ::1 | GET      "/api/tasks/21721bb2-58e5-4612-81e2-64fc4c21f6a9"
[GIN] 2026/06/02 - 23:13:53 | 200 |            0s |             ::1 | GET      "/api/tasks/21721bb2-58e5-4612-81e2-64fc4c21f6a9"
[GIN] 2026/06/02 - 23:13:55 | 200 |            0s |             ::1 | GET      "/api/tasks/21721bb2-58e5-4612-81e2-64fc4c21f6a9"
[GIN] 2026/06/02 - 23:13:57 | 200 |            0s |             ::1 | GET      "/api/tasks/21721bb2-58e5-4612-81e2-64fc4c21f6a9"
[GIN] 2026/06/02 - 23:13:58 | 200 |            0s |             ::1 | GET      "/api/tasks/21721bb2-58e5-4612-81e2-64fc4c21f6a9"
[GIN] 2026/06/02 - 23:14:00 | 200 |            0s |             ::1 | GET      "/api/tasks/21721bb2-58e5-4612-81e2-64fc4c21f6a9"
[GIN] 2026/06/02 - 23:14:01 | 200 |            0s |             ::1 | GET      "/api/tasks/21721bb2-58e5-4612-81e2-64fc4c21f6a9"
[GIN] 2026/06/02 - 23:14:03 | 200 |            0s |             ::1 | GET      "/api/tasks/21721bb2-58e5-4612-81e2-64fc4c21f6a9"
[GIN] 2026/06/02 - 23:14:05 | 200 |            0s |             ::1 | GET      "/api/tasks/21721bb2-58e5-4612-81e2-64fc4c21f6a9"
[GIN] 2026/06/02 - 23:14:06 | 200 |            0s |             ::1 | GET      "/api/tasks/21721bb2-58e5-4612-81e2-64fc4c21f6a9"
[GIN] 2026/06/02 - 23:14:08 | 200 |            0s |             ::1 | GET      "/api/tasks/21721bb2-58e5-4612-81e2-64fc4c21f6a9"
[GIN] 2026/06/02 - 23:14:09 | 200 |            0s |             ::1 | GET      "/api/tasks"
[GIN] 2026/06/02 - 23:14:11 | 304 |            0s |             ::1 | GET      "/"
[GIN] 2026/06/02 - 23:14:11 | 200 |        25m35s |             ::1 | GET      "/ws"
[GIN] 2026/06/02 - 23:14:11 | 200 |    1.9544401s |             ::1 | GET      "/ws"
[GIN] 2026/06/02 - 23:14:11 | 200 |       644.5µs |             ::1 | GET      "/api/projects"
[GIN] 2026/06/02 - 23:14:11 | 200 |       526.4µs |             ::1 | GET      "/api/tasks"
[GIN] 2026/06/02 - 23:14:11 | 200 |       632.1µs |             ::1 | GET      "/api/projects"
[GIN] 2026/06/02 - 23:14:11 | 200 |      3.0455ms |             ::1 | GET      "/api/content/items?project=..%5Cbooks%5Cmine"
[GIN] 2026/06/02 - 23:14:11 | 200 |      3.7253ms |             ::1 | GET      "/api/content/locations?project=..%5Cbooks%5Cmine"
[GIN] 2026/06/02 - 23:14:11 | 200 |      4.7628ms |             ::1 | GET      "/api/content/characters?project=..%5Cbooks%5Cmine"
[GIN] 2026/06/02 - 23:14:11 | 200 |     10.6436ms |             ::1 | GET      "/api/content/outline?project=..%5Cbooks%5Cmine"
[GIN] 2026/06/02 - 23:14:12 | 200 |            0s |             ::1 | GET      "/api/tasks"
[GIN] 2026/06/02 - 23:14:34 | 200 |   21.7415824s |             ::1 | GET      "/ws"
[GIN] 2026/06/02 - 23:14:34 | 200 |      8.1038ms |             ::1 | GET      "/api/content/outline?project=..%5Cbooks%5Cmine"
[GIN] 2026/06/02 - 23:14:36 | 200 |      7.1568ms |             ::1 | GET      "/api/content/outline?project=..%5Cbooks%5Cmine"
[GIN] 2026/06/02 - 23:14:46 | 200 |     16.0298ms |             ::1 | GET      "/api/content/outline?project=..%5Cbooks%5Csystem-log"
[GIN] 2026/06/02 - 23:56:02 | 200 |     22.9894ms |             ::1 | GET      "/api/content/outline?project=..%5Cbooks%5Csystem-log"
[GIN] 2026/06/02 - 23:59:26 | 200 |     60.2227ms |             ::1 | POST     "/api/files/story/compose/outline.json?project=..%5Cbooks%5Csystem-log"
[GIN] 2026/06/02 - 23:59:29 | 200 |        45m17s |             ::1 | GET      "/ws"
